2026-09-04T20:01:41.286Z [INFO] Gas treasury: 0.1978 ETH
2026-09-04T20:01:41.286Z [INFO] Gas treasury: 0.1978 ETH
2026-09-04T20:01:41.286Z [INFO] 🚀 Cosmic Lands Orchestrator v1 start (puste wallet_address → Cosmic Bank 0xb66AF…055A, mail=kalosorama@gmail.com, dry_run=false)
2026-09-04T20:01:41.286Z [INFO] 🚀 Cosmic Lands Orchestrator v1 start (puste wallet_address → Cosmic Bank 0xb66AF…055A, mail=kalosorama@gmail.com, dry_run=false)
2026-09-04T20:01:41.616Z [INFO] OAuth OK (TTL 86380 s)
2026-09-04T20:01:41.616Z [INFO] OAuth OK (TTL 86380 s)
2026-09-04T20:01:41.952Z [INFO] POLL: 3 paid orders (since=2026-09-02T17:58:18.566Z)
2026-09-04T20:01:41.952Z [INFO] POLL: 3 paid orders (since=2026-09-02T17:58:18.566Z)
2026-09-04T20:01:41.953Z [INFO] === ORDER #1030 (7857972085077) test=false items=1
2026-09-04T20:01:41.953Z [INFO] === ORDER #1030 (7857972085077) test=false items=1
2026-09-04T20:01:42.186Z [INFO] ITEM MARS-PLOT-000013: class=M grant=300 wallet=0xb66AF38AC26b9023F138399f7633094AA85b055A (COSMIC_BANK) region=Acidalia
2026-09-04T20:01:42.186Z [INFO] ITEM MARS-PLOT-000013: class=M grant=300 wallet=0xb66AF38AC26b9023F138399f7633094AA85b055A (COSMIC_BANK) region=Acidalia
2026-09-04T20:01:42.798Z [INFO] RUN mint MARS-PLOT-000013 → 0xb66AF38AC26b9023F138399f7633094AA85b055A: node scripts/mint-test.mjs 
2026-09-04T20:01:42.798Z [INFO] RUN mint MARS-PLOT-000013 → 0xb66AF38AC26b9023F138399f7633094AA85b055A: node scripts/mint-test.mjs 
2026-09-04T20:01:49.037Z [INFO]   | [mint] base-sepolia deed=0xeB503fEC1a553d6d8E85cC4d9E4c7B04ceb664C4 plot=MARS-PLOT-000013 -> 0xb66AF38AC26b9023F138399f7633094AA85b055A
2026-09-04T20:01:49.037Z [INFO]   | [mint] base-sepolia deed=0xeB503fEC1a553d6d8E85cC4d9E4c7B04ceb664C4 plot=MARS-PLOT-000013 -> 0xb66AF38AC26b9023F138399f7633094AA85b055A
2026-09-04T20:01:49.038Z [INFO]   | ✅ minted tokenId, tx=0xd637dc35b7289d7284e1269163b640e730fe6cc7bcecdc68a9882c42eaab80c2
2026-09-04T20:01:49.038Z [INFO]   | ✅ minted tokenId, tx=0xd637dc35b7289d7284e1269163b640e730fe6cc7bcecdc68a9882c42eaab80c2
2026-09-04T20:01:49.038Z [INFO]   |    Explorer: https://sepolia.basescan.org/tx/0xd637dc35b7289d7284e1269163b640e730fe6cc7bcecdc68a9882c42eaab80c2
2026-09-04T20:01:49.038Z [INFO]   |    Explorer: https://sepolia.basescan.org/tx/0xd637dc35b7289d7284e1269163b640e730fe6cc7bcecdc68a9882c42eaab80c2
2026-09-04T20:01:49.039Z [INFO]   |    ownerOf(2143) = 0xb66AF38AC26b9023F138399f7633094AA85b055A
2026-09-04T20:01:49.039Z [INFO]   |    ownerOf(2143) = 0xb66AF38AC26b9023F138399f7633094AA85b055A
2026-09-04T20:01:49.039Z [INFO]   |    tokenURI = ipfs://2143
2026-09-04T20:01:49.039Z [INFO]   |    tokenURI = ipfs://2143
2026-09-04T20:01:49.039Z [INFO] MINT OK MARS-PLOT-000013 → 0xb66AF38AC26b9023F138399f7633094AA85b055A tx=0xd637dc35b7289d7284e1269163b640e730fe6cc7bcecdc68a9882c42eaab80c2 tokenId=2143
2026-09-04T20:01:49.039Z [INFO] MINT OK MARS-PLOT-000013 → 0xb66AF38AC26b9023F138399f7633094AA85b055A tx=0xd637dc35b7289d7284e1269163b640e730fe6cc7bcecdc68a9882c42eaab80c2 tokenId=2143
2026-09-04T20:01:49.039Z [INFO] RUN grant 300 → 0xb66AF38AC26b9023F138399f7633094AA85b055A: node scripts/grant-cosmo.mjs --to 0xb66AF38AC26b9023F138399f7633094AA85b055A --amount 300
2026-09-04T20:01:49.039Z [INFO] RUN grant 300 → 0xb66AF38AC26b9023F138399f7633094AA85b055A: node scripts/grant-cosmo.mjs --to 0xb66AF38AC26b9023F138399f7633094AA85b055A --amount 300
2026-09-04T20:01:54.901Z [INFO]   | GRANT_OK tx=0x7399bc8cd8d48ba77a75b4c0050e3646bfb5596cb6fa32e78be2adf79954e77d amount=300 wei=300000000000000000000 to=0xb66AF38AC26b9023F138399f7633094AA85b055A block=46391912
2026-09-04T20:01:54.901Z [INFO]   | GRANT_OK tx=0x7399bc8cd8d48ba77a75b4c0050e3646bfb5596cb6fa32e78be2adf79954e77d amount=300 wei=300000000000000000000 to=0xb66AF38AC26b9023F138399f7633094AA85b055A block=46391912
2026-09-04T20:01:54.902Z [INFO] GRANT OK 300 COSMO → 0xb66AF38AC26b9023F138399f7633094AA85b055A tx=0x7399bc8cd8d48ba77a75b4c0050e3646bfb5596cb6fa32e78be2adf79954e77d
2026-09-04T20:01:54.902Z [INFO] GRANT OK 300 COSMO → 0xb66AF38AC26b9023F138399f7633094AA85b055A tx=0x7399bc8cd8d48ba77a75b4c0050e3646bfb5596cb6fa32e78be2adf79954e77d
2026-09-04T20:01:54.902Z [INFO] RUN pdf MARS-PLOT-000013: node scripts/generate-certificate-v3.mjs --planet mars --plot MARS-PLOT-000013 --owner Kalosorama --class M --region Acidalia --coords — --area 1.5 ha --price 129 EUR --cosmo 300 --cert CL-TEST-7857972085077 --token-id 2143 --tx 0xd637dc35b7289d7284e1269163b640e730fe6cc7bcecdc68a9882c42eaab80c2 --out /opt/data/workspace/cosmiclands-nft/test-output/MARS-PLOT-000013-7857972085077.pdf
2026-09-04T20:01:54.902Z [INFO] RUN pdf MARS-PLOT-000013: node scripts/generate-certificate-v3.mjs --planet mars --plot MARS-PLOT-000013 --owner Kalosorama --class M --region Acidalia --coords — --area 1.5 ha --price 129 EUR --cosmo 300 --cert CL-TEST-7857972085077 --token-id 2143 --tx 0xd637dc35b7289d7284e1269163b640e730fe6cc7bcecdc68a9882c42eaab80c2 --out /opt/data/workspace/cosmiclands-nft/test-output/MARS-PLOT-000013-7857972085077.pdf
2026-09-04T20:01:55.231Z [INFO]   | ✅ MARS-PLOT-000013-7857972085077.pdf (MARS premium, QR → https://map.cosmiclands.space/?plot=MARS-PLOT-000013)
2026-09-04T20:01:55.231Z [INFO]   | ✅ MARS-PLOT-000013-7857972085077.pdf (MARS premium, QR → https://map.cosmiclands.space/?plot=MARS-PLOT-000013)
2026-09-04T20:01:55.232Z [INFO] PDF OK /opt/data/workspace/cosmiclands-nft/test-output/MARS-PLOT-000013-7857972085077.pdf
2026-09-04T20:01:55.232Z [INFO] PDF OK /opt/data/workspace/cosmiclands-nft/test-output/MARS-PLOT-000013-7857972085077.pdf
2026-09-04T20:01:55.235Z [INFO] RUN email MARS-PLOT-000013 → kalosorama@gmail.com [+Cosmic Bank notice]: node scripts/send-email.mjs --to kalosorama@gmail.com --plot MARS-PLOT-000013 --pdf /opt/data/workspace/cosmiclands-nft/test-output/MARS-PLOT-000013-7857972085077.pdf --bank
2026-09-04T20:01:55.235Z [INFO] RUN email MARS-PLOT-000013 → kalosorama@gmail.com [+Cosmic Bank notice]: node scripts/send-email.mjs --to kalosorama@gmail.com --plot MARS-PLOT-000013 --pdf /opt/data/workspace/cosmiclands-nft/test-output/MARS-PLOT-000013-7857972085077.pdf --bank
2026-09-04T20:01:57.616Z [INFO]   | ✅ Wysłano (SMTP mail.privateemail.com:587) do kalosorama@gmail.com — msgId <10df9925-4937-867f-d6da-7c23400cb419@cosmiclands.space>
2026-09-04T20:01:57.616Z [INFO]   | ✅ Wysłano (SMTP mail.privateemail.com:587) do kalosorama@gmail.com — msgId <10df9925-4937-867f-d6da-7c23400cb419@cosmiclands.space>
2026-09-04T20:01:57.617Z [INFO] EMAIL OK → kalosorama@gmail.com msgId=<10df9925-4937-867f-d6da-7c23400cb419@cosmiclands.space>
2026-09-04T20:01:57.617Z [INFO] EMAIL OK → kalosorama@gmail.com msgId=<10df9925-4937-867f-d6da-7c23400cb419@cosmiclands.space>
2026-09-04T20:01:57.618Z [INFO] === ORDER #1030 DONE (processed[])
2026-09-04T20:01:57.618Z [INFO] === ORDER #1030 DONE (processed[])
2026-09-04T20:01:57.619Z [INFO] === ORDER #1029 (7857963237717) test=false items=1
2026-09-04T20:01:57.619Z [INFO] === ORDER #1029 (7857963237717) test=false items=1
2026-09-04T20:01:57.838Z [INFO] ITEM MARS-PLOT-000012: class=XL grant=2700 wallet=0xb66AF38AC26b9023F138399f7633094AA85b055A (COSMIC_BANK) region=Amazonis Genesis — East
2026-09-04T20:01:57.838Z [INFO] ITEM MARS-PLOT-000012: class=XL grant=2700 wallet=0xb66AF38AC26b9023F138399f7633094AA85b055A (COSMIC_BANK) region=Amazonis Genesis — East
2026-09-04T20:01:58.176Z [INFO] RUN mint MARS-PLOT-000012 → 0xb66AF38AC26b9023F138399f7633094AA85b055A: node scripts/mint-test.mjs 
2026-09-04T20:01:58.176Z [INFO] RUN mint MARS-PLOT-000012 → 0xb66AF38AC26b9023F138399f7633094AA85b055A: node scripts/mint-test.mjs 
2026-09-04T20:01:59.833Z [INFO]   | [mint] base-sepolia deed=0xeB503fEC1a553d6d8E85cC4d9E4c7B04ceb664C4 plot=MARS-PLOT-000012 -> 0xb66AF38AC26b9023F138399f7633094AA85b055A
2026-09-04T20:01:59.833Z [INFO]   | [mint] base-sepolia deed=0xeB503fEC1a553d6d8E85cC4d9E4c7B04ceb664C4 plot=MARS-PLOT-000012 -> 0xb66AF38AC26b9023F138399f7633094AA85b055A
2026-09-04T20:01:59.833Z [INFO]   | ✅ minted tokenId, tx=0xbdb0608fac598ecc06a4c74c19753ac09bb0b6235194601a9ec8e4ca2baf68b1
2026-09-04T20:01:59.833Z [INFO]   | ✅ minted tokenId, tx=0xbdb0608fac598ecc06a4c74c19753ac09bb0b6235194601a9ec8e4ca2baf68b1
2026-09-04T20:01:59.833Z [INFO]   |    Explorer: https://sepolia.basescan.org/tx/0xbdb0608fac598ecc06a4c74c19753ac09bb0b6235194601a9ec8e4ca2baf68b1
2026-09-04T20:01:59.833Z [INFO]   |    Explorer: https://sepolia.basescan.org/tx/0xbdb0608fac598ecc06a4c74c19753ac09bb0b6235194601a9ec8e4ca2baf68b1
2026-09-04T20:01:59.833Z [INFO]   |    ownerOf(2143) = 0xb66AF38AC26b9023F138399f7633094AA85b055A
2026-09-04T20:01:59.833Z [INFO]   |    ownerOf(2143) = 0xb66AF38AC26b9023F138399f7633094AA85b055A
2026-09-04T20:01:59.833Z [INFO]   |    tokenURI = ipfs://2143
2026-09-04T20:01:59.833Z [INFO]   |    tokenURI = ipfs://2143
2026-09-04T20:01:59.834Z [INFO] MINT OK MARS-PLOT-000012 → 0xb66AF38AC26b9023F138399f7633094AA85b055A tx=0xbdb0608fac598ecc06a4c74c19753ac09bb0b6235194601a9ec8e4ca2baf68b1 tokenId=2143
2026-09-04T20:01:59.834Z [INFO] MINT OK MARS-PLOT-000012 → 0xb66AF38AC26b9023F138399f7633094AA85b055A tx=0xbdb0608fac598ecc06a4c74c19753ac09bb0b6235194601a9ec8e4ca2baf68b1 tokenId=2143
2026-09-04T20:01:59.834Z [INFO] RUN grant 2700 → 0xb66AF38AC26b9023F138399f7633094AA85b055A: node scripts/grant-cosmo.mjs --to 0xb66AF38AC26b9023F138399f7633094AA85b055A --amount 2700
2026-09-04T20:01:59.834Z [INFO] RUN grant 2700 → 0xb66AF38AC26b9023F138399f7633094AA85b055A: node scripts/grant-cosmo.mjs --to 0xb66AF38AC26b9023F138399f7633094AA85b055A --amount 2700
2026-09-04T20:02:01.502Z [INFO]   | GRANT_OK tx=0xe3658d713b65bdae77f983b5c47697750ee8038b490ead3e1beb43f439eee6e6 amount=2700 wei=2700000000000000000000 to=0xb66AF38AC26b9023F138399f7633094AA85b055A block=46391917
2026-09-04T20:02:01.502Z [INFO]   | GRANT_OK tx=0xe3658d713b65bdae77f983b5c47697750ee8038b490ead3e1beb43f439eee6e6 amount=2700 wei=2700000000000000000000 to=0xb66AF38AC26b9023F138399f7633094AA85b055A block=46391917
2026-09-04T20:02:01.502Z [INFO] GRANT OK 2700 COSMO → 0xb66AF38AC26b9023F138399f7633094AA85b055A tx=0xe3658d713b65bdae77f983b5c47697750ee8038b490ead3e1beb43f439eee6e6
2026-09-04T20:02:01.502Z [INFO] GRANT OK 2700 COSMO → 0xb66AF38AC26b9023F138399f7633094AA85b055A tx=0xe3658d713b65bdae77f983b5c47697750ee8038b490ead3e1beb43f439eee6e6
2026-09-04T20:02:01.504Z [INFO] RUN pdf MARS-PLOT-000012: node scripts/generate-certificate-v3.mjs --planet mars --plot MARS-PLOT-000012 --owner Kalosorama --class XL --region Amazonis Genesis — East --coords — --area 13.5 ha --price 999 EUR --cosmo 2700 --cert CL-TEST-7857963237717 --token-id 2143 --tx 0xbdb0608fac598ecc06a4c74c19753ac09bb0b6235194601a9ec8e4ca2baf68b1 --out /opt/data/workspace/cosmiclands-nft/test-output/MARS-PLOT-000012-7857963237717.pdf
2026-09-04T20:02:01.504Z [INFO] RUN pdf MARS-PLOT-000012: node scripts/generate-certificate-v3.mjs --planet mars --plot MARS-PLOT-000012 --owner Kalosorama --class XL --region Amazonis Genesis — East --coords — --area 13.5 ha --price 999 EUR --cosmo 2700 --cert CL-TEST-7857963237717 --token-id 2143 --tx 0xbdb0608fac598ecc06a4c74c19753ac09bb0b6235194601a9ec8e4ca2baf68b1 --out /opt/data/workspace/cosmiclands-nft/test-output/MARS-PLOT-000012-7857963237717.pdf
2026-09-04T20:02:02.290Z [INFO]   | ✅ MARS-PLOT-000012-7857963237717.pdf (MARS premium, QR → https://map.cosmiclands.space/?plot=MARS-PLOT-000012)
2026-09-04T20:02:02.290Z [INFO]   | ✅ MARS-PLOT-000012-7857963237717.pdf (MARS premium, QR → https://map.cosmiclands.space/?plot=MARS-PLOT-000012)
2026-09-04T20:02:02.292Z [INFO] PDF OK /opt/data/workspace/cosmiclands-nft/test-output/MARS-PLOT-000012-7857963237717.pdf
2026-09-04T20:02:02.292Z [INFO] PDF OK /opt/data/workspace/cosmiclands-nft/test-output/MARS-PLOT-000012-7857963237717.pdf
2026-09-04T20:02:02.293Z [INFO] RUN email MARS-PLOT-000012 → kalosorama@gmail.com [+Cosmic Bank notice]: node scripts/send-email.mjs --to kalosorama@gmail.com --plot MARS-PLOT-000012 --pdf /opt/data/workspace/cosmiclands-nft/test-output/MARS-PLOT-000012-7857963237717.pdf --bank
2026-09-04T20:02:02.293Z [INFO] RUN email MARS-PLOT-000012 → kalosorama@gmail.com [+Cosmic Bank notice]: node scripts/send-email.mjs --to kalosorama@gmail.com --plot MARS-PLOT-000012 --pdf /opt/data/workspace/cosmiclands-nft/test-output/MARS-PLOT-000012-7857963237717.pdf --bank
2026-09-04T20:02:04.753Z [INFO]   | ✅ Wysłano (SMTP mail.privateemail.com:587) do kalosorama@gmail.com — msgId <1002c968-f8a7-2484-89b1-52cfef470677@cosmiclands.space>
2026-09-04T20:02:04.753Z [INFO]   | ✅ Wysłano (SMTP mail.privateemail.com:587) do kalosorama@gmail.com — msgId <1002c968-f8a7-2484-89b1-52cfef470677@cosmiclands.space>
2026-09-04T20:02:04.755Z [INFO] EMAIL OK → kalosorama@gmail.com msgId=<1002c968-f8a7-2484-89b1-52cfef470677@cosmiclands.space>
2026-09-04T20:02:04.755Z [INFO] EMAIL OK → kalosorama@gmail.com msgId=<1002c968-f8a7-2484-89b1-52cfef470677@cosmiclands.space>
2026-09-04T20:02:04.757Z [INFO] === ORDER #1029 DONE (processed[])
2026-09-04T20:02:04.757Z [INFO] === ORDER #1029 DONE (processed[])
2026-09-04T20:02:04.757Z [INFO] === ORDER #1028 (7857937023317) test=false items=1
2026-09-04T20:02:04.757Z [INFO] === ORDER #1028 (7857937023317) test=false items=1
2026-09-04T20:02:04.971Z [INFO] ITEM MARS-PLOT-000006: class=M grant=300 wallet=0xb66AF38AC26b9023F138399f7633094AA85b055A (COSMIC_BANK) region=Amazonis Genesis — West
2026-09-04T20:02:04.971Z [INFO] ITEM MARS-PLOT-000006: class=M grant=300 wallet=0xb66AF38AC26b9023F138399f7633094AA85b055A (COSMIC_BANK) region=Amazonis Genesis — West
2026-09-04T20:02:05.539Z [INFO] RUN mint MARS-PLOT-000006 → 0xb66AF38AC26b9023F138399f7633094AA85b055A: node scripts/mint-test.mjs 
2026-09-04T20:02:05.539Z [INFO] RUN mint MARS-PLOT-000006 → 0xb66AF38AC26b9023F138399f7633094AA85b055A: node scripts/mint-test.mjs 
2026-09-04T20:02:07.391Z [INFO]   | [mint] base-sepolia deed=0xeB503fEC1a553d6d8E85cC4d9E4c7B04ceb664C4 plot=MARS-PLOT-000006 -> 0xb66AF38AC26b9023F138399f7633094AA85b055A
2026-09-04T20:02:07.391Z [INFO]   | [mint] base-sepolia deed=0xeB503fEC1a553d6d8E85cC4d9E4c7B04ceb664C4 plot=MARS-PLOT-000006 -> 0xb66AF38AC26b9023F138399f7633094AA85b055A
2026-09-04T20:02:07.391Z [INFO]   | ✅ minted tokenId, tx=0x180117ca07d55b890c0a3fb41b271bc012e9b66569264cd5e194cf60cc4a3eb4
2026-09-04T20:02:07.391Z [INFO]   | ✅ minted tokenId, tx=0x180117ca07d55b890c0a3fb41b271bc012e9b66569264cd5e194cf60cc4a3eb4
2026-09-04T20:02:07.391Z [INFO]   |    Explorer: https://sepolia.basescan.org/tx/0x180117ca07d55b890c0a3fb41b271bc012e9b66569264cd5e194cf60cc4a3eb4
2026-09-04T20:02:07.391Z [INFO]   |    Explorer: https://sepolia.basescan.org/tx/0x180117ca07d55b890c0a3fb41b271bc012e9b66569264cd5e194cf60cc4a3eb4
2026-09-04T20:02:07.391Z [INFO]   |    ownerOf(2144) = 0xb66AF38AC26b9023F138399f7633094AA85b055A
2026-09-04T20:02:07.391Z [INFO]   |    ownerOf(2144) = 0xb66AF38AC26b9023F138399f7633094AA85b055A
2026-09-04T20:02:07.391Z [INFO]   |    tokenURI = ipfs://2144
2026-09-04T20:02:07.391Z [INFO]   |    tokenURI = ipfs://2144
2026-09-04T20:02:07.392Z [INFO] MINT OK MARS-PLOT-000006 → 0xb66AF38AC26b9023F138399f7633094AA85b055A tx=0x180117ca07d55b890c0a3fb41b271bc012e9b66569264cd5e194cf60cc4a3eb4 tokenId=2144
2026-09-04T20:02:07.392Z [INFO] MINT OK MARS-PLOT-000006 → 0xb66AF38AC26b9023F138399f7633094AA85b055A tx=0x180117ca07d55b890c0a3fb41b271bc012e9b66569264cd5e194cf60cc4a3eb4 tokenId=2144
2026-09-04T20:02:07.392Z [INFO] RUN grant 300 → 0xb66AF38AC26b9023F138399f7633094AA85b055A: node scripts/grant-cosmo.mjs --to 0xb66AF38AC26b9023F138399f7633094AA85b055A --amount 300
2026-09-04T20:02:07.392Z [INFO] RUN grant 300 → 0xb66AF38AC26b9023F138399f7633094AA85b055A: node scripts/grant-cosmo.mjs --to 0xb66AF38AC26b9023F138399f7633094AA85b055A --amount 300
2026-09-04T20:02:08.919Z [INFO]   | GRANT_OK tx=0xe9f928c4aba59abd1ddcf93ca8ee2b1a4eaa38c1fb8c510cfe0883ebbbad26dc amount=300 wei=300000000000000000000 to=0xb66AF38AC26b9023F138399f7633094AA85b055A block=46391921
2026-09-04T20:02:08.919Z [INFO]   | GRANT_OK tx=0xe9f928c4aba59abd1ddcf93ca8ee2b1a4eaa38c1fb8c510cfe0883ebbbad26dc amount=300 wei=300000000000000000000 to=0xb66AF38AC26b9023F138399f7633094AA85b055A block=46391921
2026-09-04T20:02:08.919Z [INFO] GRANT OK 300 COSMO → 0xb66AF38AC26b9023F138399f7633094AA85b055A tx=0xe9f928c4aba59abd1ddcf93ca8ee2b1a4eaa38c1fb8c510cfe0883ebbbad26dc
2026-09-04T20:02:08.919Z [INFO] GRANT OK 300 COSMO → 0xb66AF38AC26b9023F138399f7633094AA85b055A tx=0xe9f928c4aba59abd1ddcf93ca8ee2b1a4eaa38c1fb8c510cfe0883ebbbad26dc
2026-09-04T20:02:08.921Z [INFO] RUN pdf MARS-PLOT-000006: node scripts/generate-certificate-v3.mjs --planet mars --plot MARS-PLOT-000006 --owner Kalosorama --class M --region Amazonis Genesis — West --coords — --area 1.5 ha --price 129 EUR --cosmo 300 --cert CL-TEST-7857937023317 --token-id 2144 --tx 0x180117ca07d55b890c0a3fb41b271bc012e9b66569264cd5e194cf60cc4a3eb4 --out /opt/data/workspace/cosmiclands-nft/test-output/MARS-PLOT-000006-7857937023317.pdf
2026-09-04T20:02:08.921Z [INFO] RUN pdf MARS-PLOT-000006: node scripts/generate-certificate-v3.mjs --planet mars --plot MARS-PLOT-000006 --owner Kalosorama --class M --region Amazonis Genesis — West --coords — --area 1.5 ha --price 129 EUR --cosmo 300 --cert CL-TEST-7857937023317 --token-id 2144 --tx 0x180117ca07d55b890c0a3fb41b271bc012e9b66569264cd5e194cf60cc4a3eb4 --out /opt/data/workspace/cosmiclands-nft/test-output/MARS-PLOT-000006-7857937023317.pdf
2026-09-04T20:02:09.385Z [INFO]   | ✅ MARS-PLOT-000006-7857937023317.pdf (MARS premium, QR → https://map.cosmiclands.space/?plot=MARS-PLOT-000006)
2026-09-04T20:02:09.385Z [INFO]   | ✅ MARS-PLOT-000006-7857937023317.pdf (MARS premium, QR → https://map.cosmiclands.space/?plot=MARS-PLOT-000006)
2026-09-04T20:02:09.385Z [INFO] PDF OK /opt/data/workspace/cosmiclands-nft/test-output/MARS-PLOT-000006-7857937023317.pdf
2026-09-04T20:02:09.385Z [INFO] PDF OK /opt/data/workspace/cosmiclands-nft/test-output/MARS-PLOT-000006-7857937023317.pdf
2026-09-04T20:02:09.389Z [INFO] RUN email MARS-PLOT-000006 → kalosorama@gmail.com [+Cosmic Bank notice]: node scripts/send-email.mjs --to kalosorama@gmail.com --plot MARS-PLOT-000006 --pdf /opt/data/workspace/cosmiclands-nft/test-output/MARS-PLOT-000006-7857937023317.pdf --bank
2026-09-04T20:02:09.389Z [INFO] RUN email MARS-PLOT-000006 → kalosorama@gmail.com [+Cosmic Bank notice]: node scripts/send-email.mjs --to kalosorama@gmail.com --plot MARS-PLOT-000006 --pdf /opt/data/workspace/cosmiclands-nft/test-output/MARS-PLOT-000006-7857937023317.pdf --bank
2026-09-04T20:02:11.782Z [INFO]   | ✅ Wysłano (SMTP mail.privateemail.com:587) do kalosorama@gmail.com — msgId <86a5792b-d453-f839-6008-3e9f8f91900a@cosmiclands.space>
2026-09-04T20:02:11.782Z [INFO]   | ✅ Wysłano (SMTP mail.privateemail.com:587) do kalosorama@gmail.com — msgId <86a5792b-d453-f839-6008-3e9f8f91900a@cosmiclands.space>
2026-09-04T20:02:11.782Z [INFO] EMAIL OK → kalosorama@gmail.com msgId=<86a5792b-d453-f839-6008-3e9f8f91900a@cosmiclands.space>
2026-09-04T20:02:11.782Z [INFO] EMAIL OK → kalosorama@gmail.com msgId=<86a5792b-d453-f839-6008-3e9f8f91900a@cosmiclands.space>
2026-09-04T20:02:11.785Z [INFO] === ORDER #1028 DONE (processed[])
2026-09-04T20:02:11.785Z [INFO] === ORDER #1028 DONE (processed[])
2026-09-04T20:03:11.894Z [INFO] POLL: 0 paid orders (since=2026-09-04T20:02:11.785Z)
2026-09-04T20:03:11.894Z [INFO] POLL: 0 paid orders (since=2026-09-04T20:02:11.785Z)
2026-09-04T20:04:11.888Z [INFO] POLL: 0 paid orders (since=2026-09-04T20:03:11.896Z)
2026-09-04T20:04:11.888Z [INFO] POLL: 0 paid orders (since=2026-09-04T20:03:11.896Z)
2026-09-04T20:05:11.904Z [INFO] POLL: 0 paid orders (since=2026-09-04T20:04:11.888Z)
2026-09-04T20:05:11.904Z [INFO] POLL: 0 paid orders (since=2026-09-04T20:04:11.888Z)
2026-09-04T20:06:11.899Z [INFO] POLL: 0 paid orders (since=2026-09-04T20:05:11.904Z)
2026-09-04T20:06:11.899Z [INFO] POLL: 0 paid orders (since=2026-09-04T20:05:11.904Z)
2026-09-04T20:07:11.919Z [INFO] POLL: 0 paid orders (since=2026-09-04T20:06:11.899Z)
2026-09-04T20:07:11.919Z [INFO] POLL: 0 paid orders (since=2026-09-04T20:06:11.899Z)
2026-09-04T20:08:11.913Z [INFO] POLL: 0 paid orders (since=2026-09-04T20:07:11.920Z)
2026-09-04T20:08:11.913Z [INFO] POLL: 0 paid orders (since=2026-09-04T20:07:11.920Z)
2026-09-04T20:09:11.932Z [INFO] POLL: 0 paid orders (since=2026-09-04T20:08:11.914Z)
2026-09-04T20:09:11.932Z [INFO] POLL: 0 paid orders (since=2026-09-04T20:08:11.914Z)
2026-09-04T20:10:11.941Z [INFO] POLL: 0 paid orders (since=2026-09-04T20:09:11.932Z)
2026-09-04T20:10:11.941Z [INFO] POLL: 0 paid orders (since=2026-09-04T20:09:11.932Z)
2026-09-04T20:11:11.950Z [INFO] POLL: 0 paid orders (since=2026-09-04T20:10:11.941Z)
2026-09-04T20:11:11.950Z [INFO] POLL: 0 paid orders (since=2026-09-04T20:10:11.941Z)
2026-09-04T20:12:11.947Z [INFO] POLL: 0 paid orders (since=2026-09-04T20:11:11.950Z)
2026-09-04T20:12:11.947Z [INFO] POLL: 0 paid orders (since=2026-09-04T20:11:11.950Z)
2026-09-04T20:13:11.933Z [INFO] POLL: 0 paid orders (since=2026-09-04T20:12:11.947Z)
2026-09-04T20:13:11.933Z [INFO] POLL: 0 paid orders (since=2026-09-04T20:12:11.947Z)
2026-09-04T20:14:11.965Z [INFO] POLL: 0 paid orders (since=2026-09-04T20:13:11.933Z)
2026-09-04T20:14:11.965Z [INFO] POLL: 0 paid orders (since=2026-09-04T20:13:11.933Z)
2026-09-04T20:15:11.940Z [INFO] POLL: 0 paid orders (since=2026-09-04T20:14:11.966Z)
2026-09-04T20:15:11.940Z [INFO] POLL: 0 paid orders (since=2026-09-04T20:14:11.966Z)
2026-09-04T20:16:11.939Z [INFO] POLL: 0 paid orders (since=2026-09-04T20:15:11.940Z)
2026-09-04T20:16:11.939Z [INFO] POLL: 0 paid orders (since=2026-09-04T20:15:11.940Z)
2026-09-04T20:17:11.962Z [INFO] POLL: 0 paid orders (since=2026-09-04T20:16:11.940Z)
2026-09-04T20:17:11.962Z [INFO] POLL: 0 paid orders (since=2026-09-04T20:16:11.940Z)
2026-09-04T20:18:11.954Z [INFO] POLL: 0 paid orders (since=2026-09-04T20:17:11.962Z)
2026-09-04T20:18:11.954Z [INFO] POLL: 0 paid orders (since=2026-09-04T20:17:11.962Z)
2026-09-04T20:19:11.942Z [INFO] POLL: 0 paid orders (since=2026-09-04T20:18:11.955Z)
2026-09-04T20:19:11.942Z [INFO] POLL: 0 paid orders (since=2026-09-04T20:18:11.955Z)
2026-09-04T20:20:11.952Z [INFO] POLL: 0 paid orders (since=2026-09-04T20:19:11.942Z)
2026-09-04T20:20:11.952Z [INFO] POLL: 0 paid orders (since=2026-09-04T20:19:11.942Z)
2026-09-04T20:21:11.983Z [INFO] POLL: 0 paid orders (since=2026-09-04T20:20:11.952Z)
2026-09-04T20:21:11.983Z [INFO] POLL: 0 paid orders (since=2026-09-04T20:20:11.952Z)
2026-09-04T20:22:11.953Z [INFO] POLL: 0 paid orders (since=2026-09-04T20:21:11.983Z)
2026-09-04T20:22:11.953Z [INFO] POLL: 0 paid orders (since=2026-09-04T20:21:11.983Z)
2026-09-04T20:23:11.957Z [INFO] POLL: 0 paid orders (since=2026-09-04T20:22:11.953Z)
2026-09-04T20:23:11.957Z [INFO] POLL: 0 paid orders (since=2026-09-04T20:22:11.953Z)
2026-09-04T20:24:12.007Z [INFO] POLL: 0 paid orders (since=2026-09-04T20:23:11.957Z)
2026-09-04T20:24:12.007Z [INFO] POLL: 0 paid orders (since=2026-09-04T20:23:11.957Z)
2026-09-04T20:25:11.957Z [INFO] POLL: 0 paid orders (since=2026-09-04T20:24:12.007Z)
2026-09-04T20:25:11.957Z [INFO] POLL: 0 paid orders (since=2026-09-04T20:24:12.007Z)
2026-09-04T20:26:11.964Z [INFO] POLL: 0 paid orders (since=2026-09-04T20:25:11.957Z)
2026-09-04T20:26:11.964Z [INFO] POLL: 0 paid orders (since=2026-09-04T20:25:11.957Z)
2026-09-04T20:27:11.988Z [INFO] POLL: 0 paid orders (since=2026-09-04T20:26:11.964Z)
2026-09-04T20:27:11.988Z [INFO] POLL: 0 paid orders (since=2026-09-04T20:26:11.964Z)
2026-09-04T20:28:11.969Z [INFO] POLL: 0 paid orders (since=2026-09-04T20:27:11.988Z)
2026-09-04T20:28:11.969Z [INFO] POLL: 0 paid orders (since=2026-09-04T20:27:11.988Z)
2026-09-04T20:29:11.975Z [INFO] POLL: 0 paid orders (since=2026-09-04T20:28:11.969Z)
2026-09-04T20:29:11.975Z [INFO] POLL: 0 paid orders (since=2026-09-04T20:28:11.969Z)
2026-09-04T20:30:11.980Z [INFO] POLL: 0 paid orders (since=2026-09-04T20:29:11.975Z)
2026-09-04T20:30:11.980Z [INFO] POLL: 0 paid orders (since=2026-09-04T20:29:11.975Z)
2026-09-04T20:31:11.979Z [INFO] POLL: 0 paid orders (since=2026-09-04T20:30:11.981Z)
2026-09-04T20:31:11.979Z [INFO] POLL: 0 paid orders (since=2026-09-04T20:30:11.981Z)
2026-09-04T20:32:11.987Z [INFO] POLL: 0 paid orders (since=2026-09-04T20:31:11.979Z)
2026-09-04T20:32:11.987Z [INFO] POLL: 0 paid orders (since=2026-09-04T20:31:11.979Z)
2026-09-04T20:33:11.998Z [INFO] POLL: 0 paid orders (since=2026-09-04T20:32:11.987Z)
2026-09-04T20:33:11.998Z [INFO] POLL: 0 paid orders (since=2026-09-04T20:32:11.987Z)
2026-09-04T20:34:12.021Z [INFO] POLL: 0 paid orders (since=2026-09-04T20:33:11.998Z)
2026-09-04T20:34:12.021Z [INFO] POLL: 0 paid orders (since=2026-09-04T20:33:11.998Z)
2026-09-04T20:35:11.986Z [INFO] POLL: 0 paid orders (since=2026-09-04T20:34:12.022Z)
2026-09-04T20:35:11.986Z [INFO] POLL: 0 paid orders (since=2026-09-04T20:34:12.022Z)
2026-09-04T20:36:12.015Z [INFO] POLL: 0 paid orders (since=2026-09-04T20:35:11.986Z)
2026-09-04T20:36:12.015Z [INFO] POLL: 0 paid orders (since=2026-09-04T20:35:11.986Z)
2026-09-04T20:37:11.998Z [INFO] POLL: 0 paid orders (since=2026-09-04T20:36:12.016Z)
2026-09-04T20:37:11.998Z [INFO] POLL: 0 paid orders (since=2026-09-04T20:36:12.016Z)
2026-09-04T20:38:12.022Z [INFO] POLL: 0 paid orders (since=2026-09-04T20:37:11.998Z)
2026-09-04T20:38:12.022Z [INFO] POLL: 0 paid orders (since=2026-09-04T20:37:11.998Z)
2026-09-04T20:39:12.027Z [INFO] POLL: 0 paid orders (since=2026-09-04T20:38:12.022Z)
2026-09-04T20:39:12.027Z [INFO] POLL: 0 paid orders (since=2026-09-04T20:38:12.022Z)
2026-09-04T20:40:12.025Z [INFO] POLL: 0 paid orders (since=2026-09-04T20:39:12.027Z)
2026-09-04T20:40:12.025Z [INFO] POLL: 0 paid orders (since=2026-09-04T20:39:12.027Z)
2026-09-04T20:41:12.034Z [INFO] POLL: 0 paid orders (since=2026-09-04T20:40:12.025Z)
2026-09-04T20:41:12.034Z [INFO] POLL: 0 paid orders (since=2026-09-04T20:40:12.025Z)
2026-09-04T20:42:12.026Z [INFO] POLL: 0 paid orders (since=2026-09-04T20:41:12.034Z)
2026-09-04T20:42:12.026Z [INFO] POLL: 0 paid orders (since=2026-09-04T20:41:12.034Z)
