2026-09-02T00:00:32.809Z [INFO] POLL: 0 paid orders (since=2026-09-01T23:59:32.747Z)
2026-09-02T00:01:32.786Z [INFO] POLL: 0 paid orders (since=2026-09-02T00:00:32.809Z)
2026-09-02T00:02:32.839Z [INFO] POLL: 0 paid orders (since=2026-09-02T00:01:32.786Z)
2026-09-02T00:03:32.884Z [INFO] POLL: 0 paid orders (since=2026-09-02T00:02:32.839Z)
2026-09-02T00:04:32.927Z [INFO] POLL: 0 paid orders (since=2026-09-02T00:03:32.884Z)
2026-09-02T00:05:32.926Z [INFO] POLL: 0 paid orders (since=2026-09-02T00:04:32.927Z)
2026-09-02T00:06:32.977Z [INFO] POLL: 0 paid orders (since=2026-09-02T00:05:32.926Z)
2026-09-02T00:07:33.029Z [INFO] POLL: 0 paid orders (since=2026-09-02T00:06:32.978Z)
2026-09-02T00:08:33.090Z [INFO] POLL: 0 paid orders (since=2026-09-02T00:07:33.029Z)
2026-09-02T00:09:33.115Z [INFO] POLL: 0 paid orders (since=2026-09-02T00:08:33.090Z)
2026-09-02T00:10:33.113Z [INFO] POLL: 0 paid orders (since=2026-09-02T00:09:33.115Z)
2026-09-02T00:11:33.158Z [INFO] POLL: 0 paid orders (since=2026-09-02T00:10:33.113Z)
2026-09-02T00:12:33.185Z [INFO] POLL: 0 paid orders (since=2026-09-02T00:11:33.158Z)
2026-09-02T00:13:33.212Z [INFO] POLL: 0 paid orders (since=2026-09-02T00:12:33.185Z)
2026-09-02T00:14:33.251Z [INFO] POLL: 0 paid orders (since=2026-09-02T00:13:33.212Z)
2026-09-02T00:15:33.265Z [INFO] POLL: 0 paid orders (since=2026-09-02T00:14:33.251Z)
2026-09-02T00:16:33.306Z [INFO] POLL: 0 paid orders (since=2026-09-02T00:15:33.265Z)
2026-09-02T00:17:33.371Z [INFO] POLL: 0 paid orders (since=2026-09-02T00:16:33.307Z)
2026-09-02T00:18:33.395Z [INFO] POLL: 0 paid orders (since=2026-09-02T00:17:33.371Z)
2026-09-02T00:19:33.457Z [INFO] POLL: 0 paid orders (since=2026-09-02T00:18:33.395Z)
2026-09-02T00:20:33.421Z [INFO] POLL: 0 paid orders (since=2026-09-02T00:19:33.458Z)
2026-09-02T00:21:33.489Z [INFO] POLL: 0 paid orders (since=2026-09-02T00:20:33.421Z)
2026-09-02T00:22:33.541Z [INFO] POLL: 0 paid orders (since=2026-09-02T00:21:33.489Z)
2026-09-02T00:23:33.553Z [INFO] POLL: 0 paid orders (since=2026-09-02T00:22:33.541Z)
2026-09-02T00:24:33.572Z [INFO] POLL: 0 paid orders (since=2026-09-02T00:23:33.553Z)
2026-09-02T00:25:33.559Z [INFO] POLL: 0 paid orders (since=2026-09-02T00:24:33.572Z)
2026-09-02T00:26:33.624Z [INFO] POLL: 0 paid orders (since=2026-09-02T00:25:33.560Z)
2026-09-02T00:27:33.660Z [INFO] POLL: 0 paid orders (since=2026-09-02T00:26:33.624Z)
2026-09-02T00:28:33.702Z [INFO] POLL: 0 paid orders (since=2026-09-02T00:27:33.661Z)
2026-09-02T00:29:33.788Z [INFO] POLL: 0 paid orders (since=2026-09-02T00:28:33.703Z)
2026-09-02T00:30:33.761Z [INFO] POLL: 0 paid orders (since=2026-09-02T00:29:33.788Z)
2026-09-02T00:31:33.783Z [INFO] POLL: 0 paid orders (since=2026-09-02T00:30:33.761Z)
2026-09-02T00:32:33.837Z [INFO] POLL: 0 paid orders (since=2026-09-02T00:31:33.784Z)
2026-09-02T00:33:33.881Z [INFO] POLL: 0 paid orders (since=2026-09-02T00:32:33.837Z)
2026-09-02T00:34:33.938Z [INFO] POLL: 0 paid orders (since=2026-09-02T00:33:33.881Z)
2026-09-02T00:35:33.937Z [INFO] POLL: 0 paid orders (since=2026-09-02T00:34:33.938Z)
2026-09-02T00:36:33.982Z [INFO] POLL: 0 paid orders (since=2026-09-02T00:35:33.938Z)
2026-09-02T00:37:34.025Z [INFO] POLL: 0 paid orders (since=2026-09-02T00:36:33.982Z)
2026-09-02T00:38:34.043Z [INFO] POLL: 0 paid orders (since=2026-09-02T00:37:34.026Z)
2026-09-02T00:39:34.154Z [INFO] POLL: 0 paid orders (since=2026-09-02T00:38:34.043Z)
2026-09-02T00:40:34.135Z [INFO] POLL: 0 paid orders (since=2026-09-02T00:39:34.154Z)
2026-09-02T00:41:34.157Z [INFO] POLL: 0 paid orders (since=2026-09-02T00:40:34.135Z)
2026-09-02T00:42:34.206Z [INFO] POLL: 0 paid orders (since=2026-09-02T00:41:34.157Z)
2026-09-02T00:43:34.253Z [INFO] POLL: 0 paid orders (since=2026-09-02T00:42:34.206Z)
2026-09-02T00:44:34.299Z [INFO] POLL: 0 paid orders (since=2026-09-02T00:43:34.253Z)
2026-09-02T00:45:34.299Z [INFO] POLL: 0 paid orders (since=2026-09-02T00:44:34.299Z)
2026-09-02T00:46:34.341Z [INFO] POLL: 0 paid orders (since=2026-09-02T00:45:34.300Z)
2026-09-02T00:47:34.382Z [INFO] POLL: 0 paid orders (since=2026-09-02T00:46:34.341Z)
2026-09-02T00:48:34.401Z [INFO] POLL: 0 paid orders (since=2026-09-02T00:47:34.382Z)
2026-09-02T00:49:34.442Z [INFO] POLL: 0 paid orders (since=2026-09-02T00:48:34.401Z)
2026-09-02T00:50:34.427Z [INFO] POLL: 0 paid orders (since=2026-09-02T00:49:34.443Z)
2026-09-02T00:51:34.438Z [INFO] POLL: 0 paid orders (since=2026-09-02T00:50:34.427Z)
2026-09-02T00:52:34.495Z [INFO] POLL: 0 paid orders (since=2026-09-02T00:51:34.438Z)
2026-09-02T00:53:34.546Z [INFO] POLL: 0 paid orders (since=2026-09-02T00:52:34.495Z)
2026-09-02T00:54:34.612Z [INFO] POLL: 0 paid orders (since=2026-09-02T00:53:34.546Z)
2026-09-02T00:55:34.617Z [INFO] POLL: 0 paid orders (since=2026-09-02T00:54:34.613Z)
2026-09-02T00:56:34.631Z [INFO] POLL: 0 paid orders (since=2026-09-02T00:55:34.618Z)
2026-09-02T00:57:34.693Z [INFO] POLL: 0 paid orders (since=2026-09-02T00:56:34.631Z)
2026-09-02T00:58:34.728Z [INFO] POLL: 0 paid orders (since=2026-09-02T00:57:34.693Z)
2026-09-02T00:59:34.819Z [INFO] POLL: 0 paid orders (since=2026-09-02T00:58:34.728Z)
2026-09-02T01:00:34.796Z [INFO] POLL: 0 paid orders (since=2026-09-02T00:59:34.820Z)
2026-09-02T01:01:34.837Z [INFO] POLL: 0 paid orders (since=2026-09-02T01:00:34.797Z)
2026-09-02T01:02:34.889Z [INFO] POLL: 0 paid orders (since=2026-09-02T01:01:34.837Z)
2026-09-02T01:03:34.952Z [INFO] POLL: 0 paid orders (since=2026-09-02T01:02:34.889Z)
2026-09-02T01:04:34.984Z [INFO] POLL: 0 paid orders (since=2026-09-02T01:03:34.953Z)
2026-09-02T01:05:35.023Z [INFO] POLL: 0 paid orders (since=2026-09-02T01:04:34.984Z)
2026-09-02T01:06:35.047Z [INFO] POLL: 0 paid orders (since=2026-09-02T01:05:35.024Z)
2026-09-02T01:07:35.093Z [INFO] POLL: 0 paid orders (since=2026-09-02T01:06:35.047Z)
2026-09-02T01:08:35.150Z [INFO] POLL: 0 paid orders (since=2026-09-02T01:07:35.093Z)
2026-09-02T01:09:35.250Z [INFO] POLL: 0 paid orders (since=2026-09-02T01:08:35.150Z)
2026-09-02T01:10:35.206Z [INFO] POLL: 0 paid orders (since=2026-09-02T01:09:35.251Z)
2026-09-02T01:11:35.239Z [INFO] POLL: 0 paid orders (since=2026-09-02T01:10:35.206Z)
2026-09-02T01:12:35.306Z [INFO] POLL: 0 paid orders (since=2026-09-02T01:11:35.239Z)
2026-09-02T01:13:35.347Z [INFO] POLL: 0 paid orders (since=2026-09-02T01:12:35.306Z)
2026-09-02T01:14:35.388Z [INFO] POLL: 0 paid orders (since=2026-09-02T01:13:35.347Z)
2026-09-02T01:15:35.365Z [INFO] POLL: 0 paid orders (since=2026-09-02T01:14:35.389Z)
2026-09-02T01:16:35.441Z [INFO] POLL: 0 paid orders (since=2026-09-02T01:15:35.365Z)
2026-09-02T01:17:35.429Z [INFO] POLL: 0 paid orders (since=2026-09-02T01:16:35.441Z)
2026-09-02T01:18:35.493Z [INFO] POLL: 0 paid orders (since=2026-09-02T01:17:35.429Z)
2026-09-02T01:19:35.571Z [INFO] POLL: 0 paid orders (since=2026-09-02T01:18:35.493Z)
2026-09-02T01:20:35.541Z [INFO] POLL: 0 paid orders (since=2026-09-02T01:19:35.571Z)
2026-09-02T01:21:35.584Z [INFO] POLL: 0 paid orders (since=2026-09-02T01:20:35.542Z)
2026-09-02T01:22:35.586Z [INFO] POLL: 0 paid orders (since=2026-09-02T01:21:35.584Z)
2026-09-02T01:23:35.606Z [INFO] POLL: 0 paid orders (since=2026-09-02T01:22:35.586Z)
2026-09-02T01:24:35.664Z [INFO] POLL: 0 paid orders (since=2026-09-02T01:23:35.606Z)
2026-09-02T01:25:35.664Z [INFO] POLL: 0 paid orders (since=2026-09-02T01:24:35.665Z)
2026-09-02T01:26:35.711Z [INFO] POLL: 0 paid orders (since=2026-09-02T01:25:35.664Z)
2026-09-02T01:27:35.714Z [INFO] POLL: 0 paid orders (since=2026-09-02T01:26:35.711Z)
2026-09-02T01:28:35.738Z [INFO] POLL: 0 paid orders (since=2026-09-02T01:27:35.714Z)
2026-09-02T01:29:35.831Z [INFO] POLL: 0 paid orders (since=2026-09-02T01:28:35.739Z)
2026-09-02T01:30:35.838Z [INFO] POLL: 0 paid orders (since=2026-09-02T01:29:35.832Z)
2026-09-02T01:31:35.874Z [INFO] POLL: 0 paid orders (since=2026-09-02T01:30:35.838Z)
2026-09-02T01:32:35.913Z [INFO] POLL: 0 paid orders (since=2026-09-02T01:31:35.874Z)
2026-09-02T01:33:35.972Z [INFO] POLL: 0 paid orders (since=2026-09-02T01:32:35.913Z)
2026-09-02T01:34:36.017Z [INFO] POLL: 0 paid orders (since=2026-09-02T01:33:35.973Z)
2026-09-02T01:35:36.019Z [INFO] POLL: 0 paid orders (since=2026-09-02T01:34:36.017Z)
2026-09-02T01:36:36.052Z [INFO] POLL: 0 paid orders (since=2026-09-02T01:35:36.019Z)
2026-09-02T01:37:36.107Z [INFO] POLL: 0 paid orders (since=2026-09-02T01:36:36.052Z)
2026-09-02T01:38:36.152Z [INFO] POLL: 0 paid orders (since=2026-09-02T01:37:36.107Z)
2026-09-02T01:39:36.236Z [INFO] POLL: 0 paid orders (since=2026-09-02T01:38:36.152Z)
2026-09-02T01:40:36.212Z [INFO] POLL: 0 paid orders (since=2026-09-02T01:39:36.237Z)
2026-09-02T01:41:36.400Z [INFO] POLL: 0 paid orders (since=2026-09-02T01:40:36.213Z)
2026-09-02T01:42:36.452Z [INFO] POLL: 0 paid orders (since=2026-09-02T01:41:36.400Z)
2026-09-02T01:43:36.512Z [INFO] POLL: 0 paid orders (since=2026-09-02T01:42:36.452Z)
2026-09-02T01:44:36.579Z [INFO] POLL: 0 paid orders (since=2026-09-02T01:43:36.512Z)
2026-09-02T01:45:36.543Z [INFO] POLL: 0 paid orders (since=2026-09-02T01:44:36.579Z)
2026-09-02T01:46:36.594Z [INFO] POLL: 0 paid orders (since=2026-09-02T01:45:36.543Z)
2026-09-02T01:47:36.660Z [INFO] POLL: 0 paid orders (since=2026-09-02T01:46:36.594Z)
2026-09-02T01:48:36.694Z [INFO] POLL: 0 paid orders (since=2026-09-02T01:47:36.660Z)
2026-09-02T01:49:36.788Z [INFO] POLL: 0 paid orders (since=2026-09-02T01:48:36.694Z)
2026-09-02T01:50:36.787Z [INFO] POLL: 0 paid orders (since=2026-09-02T01:49:36.788Z)
2026-09-02T01:51:36.783Z [INFO] POLL: 0 paid orders (since=2026-09-02T01:50:36.787Z)
2026-09-02T01:52:36.792Z [INFO] POLL: 0 paid orders (since=2026-09-02T01:51:36.784Z)
2026-09-02T01:53:36.836Z [INFO] POLL: 0 paid orders (since=2026-09-02T01:52:36.792Z)
2026-09-02T01:54:36.891Z [INFO] POLL: 0 paid orders (since=2026-09-02T01:53:36.836Z)
2026-09-02T01:55:36.877Z [INFO] POLL: 0 paid orders (since=2026-09-02T01:54:36.891Z)
2026-09-02T01:56:36.911Z [INFO] POLL: 0 paid orders (since=2026-09-02T01:55:36.878Z)
2026-09-02T01:57:36.964Z [INFO] POLL: 0 paid orders (since=2026-09-02T01:56:36.911Z)
2026-09-02T01:58:37.016Z [INFO] POLL: 0 paid orders (since=2026-09-02T01:57:36.965Z)
2026-09-02T01:59:37.099Z [INFO] POLL: 0 paid orders (since=2026-09-02T01:58:37.017Z)
2026-09-02T02:00:37.149Z [INFO] POLL: 0 paid orders (since=2026-09-02T01:59:37.100Z)
2026-09-02T02:01:37.126Z [INFO] POLL: 0 paid orders (since=2026-09-02T02:00:37.150Z)
2026-09-02T02:02:37.140Z [INFO] POLL: 0 paid orders (since=2026-09-02T02:01:37.126Z)
2026-09-02T02:03:37.209Z [INFO] POLL: 0 paid orders (since=2026-09-02T02:02:37.140Z)
2026-09-02T02:04:37.254Z [INFO] POLL: 0 paid orders (since=2026-09-02T02:03:37.210Z)
2026-09-02T02:05:37.250Z [INFO] POLL: 0 paid orders (since=2026-09-02T02:04:37.255Z)
2026-09-02T02:06:37.294Z [INFO] POLL: 0 paid orders (since=2026-09-02T02:05:37.250Z)
2026-09-02T02:07:37.361Z [INFO] POLL: 0 paid orders (since=2026-09-02T02:06:37.294Z)
2026-09-02T02:08:37.421Z [INFO] POLL: 0 paid orders (since=2026-09-02T02:07:37.361Z)
2026-09-02T02:09:37.490Z [INFO] POLL: 0 paid orders (since=2026-09-02T02:08:37.421Z)
2026-09-02T02:10:37.461Z [INFO] POLL: 0 paid orders (since=2026-09-02T02:09:37.490Z)
2026-09-02T02:11:37.515Z [INFO] POLL: 0 paid orders (since=2026-09-02T02:10:37.462Z)
2026-09-02T02:12:37.549Z [INFO] POLL: 0 paid orders (since=2026-09-02T02:11:37.516Z)
2026-09-02T02:13:37.596Z [INFO] POLL: 0 paid orders (since=2026-09-02T02:12:37.549Z)
2026-09-02T02:14:37.616Z [INFO] POLL: 0 paid orders (since=2026-09-02T02:13:37.596Z)
2026-09-02T02:15:37.609Z [INFO] POLL: 0 paid orders (since=2026-09-02T02:14:37.616Z)
2026-09-02T02:16:37.662Z [INFO] POLL: 0 paid orders (since=2026-09-02T02:15:37.609Z)
2026-09-02T02:17:37.725Z [INFO] POLL: 0 paid orders (since=2026-09-02T02:16:37.662Z)
2026-09-02T02:18:37.767Z [INFO] POLL: 0 paid orders (since=2026-09-02T02:17:37.725Z)
2026-09-02T02:19:37.841Z [INFO] POLL: 0 paid orders (since=2026-09-02T02:18:37.767Z)
2026-09-02T02:20:37.824Z [INFO] POLL: 0 paid orders (since=2026-09-02T02:19:37.841Z)
2026-09-02T02:21:37.854Z [INFO] POLL: 0 paid orders (since=2026-09-02T02:20:37.824Z)
2026-09-02T02:22:37.917Z [INFO] POLL: 0 paid orders (since=2026-09-02T02:21:37.855Z)
2026-09-02T02:23:37.978Z [INFO] POLL: 0 paid orders (since=2026-09-02T02:22:37.917Z)
2026-09-02T02:24:38.019Z [INFO] POLL: 0 paid orders (since=2026-09-02T02:23:37.978Z)
2026-09-02T02:25:38.009Z [INFO] POLL: 0 paid orders (since=2026-09-02T02:24:38.019Z)
2026-09-02T02:26:38.064Z [INFO] POLL: 0 paid orders (since=2026-09-02T02:25:38.010Z)
2026-09-02T02:27:38.092Z [INFO] POLL: 0 paid orders (since=2026-09-02T02:26:38.064Z)
2026-09-02T02:28:38.152Z [INFO] POLL: 0 paid orders (since=2026-09-02T02:27:38.092Z)
2026-09-02T02:29:38.248Z [INFO] POLL: 0 paid orders (since=2026-09-02T02:28:38.152Z)
2026-09-02T02:30:38.216Z [INFO] POLL: 0 paid orders (since=2026-09-02T02:29:38.248Z)
2026-09-02T02:31:38.265Z [INFO] POLL: 0 paid orders (since=2026-09-02T02:30:38.216Z)
2026-09-02T02:32:38.331Z [INFO] POLL: 0 paid orders (since=2026-09-02T02:31:38.265Z)
2026-09-02T02:33:38.387Z [INFO] POLL: 0 paid orders (since=2026-09-02T02:32:38.331Z)
2026-09-02T02:34:38.436Z [INFO] POLL: 0 paid orders (since=2026-09-02T02:33:38.387Z)
2026-09-02T02:35:38.449Z [INFO] POLL: 0 paid orders (since=2026-09-02T02:34:38.436Z)
2026-09-02T02:36:38.501Z [INFO] POLL: 0 paid orders (since=2026-09-02T02:35:38.449Z)
2026-09-02T02:37:38.535Z [INFO] POLL: 0 paid orders (since=2026-09-02T02:36:38.501Z)
2026-09-02T02:38:38.546Z [INFO] POLL: 0 paid orders (since=2026-09-02T02:37:38.536Z)
2026-09-02T02:39:38.619Z [INFO] POLL: 0 paid orders (since=2026-09-02T02:38:38.546Z)
2026-09-02T02:40:38.612Z [INFO] POLL: 0 paid orders (since=2026-09-02T02:39:38.620Z)
2026-09-02T02:41:38.657Z [INFO] POLL: 0 paid orders (since=2026-09-02T02:40:38.613Z)
2026-09-02T02:42:38.719Z [INFO] POLL: 0 paid orders (since=2026-09-02T02:41:38.657Z)
2026-09-02T02:43:38.741Z [INFO] POLL: 0 paid orders (since=2026-09-02T02:42:38.719Z)
2026-09-02T02:44:38.782Z [INFO] POLL: 0 paid orders (since=2026-09-02T02:43:38.741Z)
2026-09-02T02:45:38.773Z [INFO] POLL: 0 paid orders (since=2026-09-02T02:44:38.782Z)
2026-09-02T02:46:38.838Z [INFO] POLL: 0 paid orders (since=2026-09-02T02:45:38.773Z)
2026-09-02T02:47:38.871Z [INFO] POLL: 0 paid orders (since=2026-09-02T02:46:38.839Z)
2026-09-02T02:48:38.937Z [INFO] POLL: 0 paid orders (since=2026-09-02T02:47:38.871Z)
2026-09-02T02:49:39.010Z [INFO] POLL: 0 paid orders (since=2026-09-02T02:48:38.937Z)
2026-09-02T02:50:38.977Z [INFO] POLL: 0 paid orders (since=2026-09-02T02:49:39.010Z)
2026-09-02T02:51:38.995Z [INFO] POLL: 0 paid orders (since=2026-09-02T02:50:38.978Z)
2026-09-02T02:52:39.047Z [INFO] POLL: 0 paid orders (since=2026-09-02T02:51:38.995Z)
2026-09-02T02:53:39.097Z [INFO] POLL: 0 paid orders (since=2026-09-02T02:52:39.048Z)
2026-09-02T02:54:39.149Z [INFO] POLL: 0 paid orders (since=2026-09-02T02:53:39.097Z)
2026-09-02T02:55:39.165Z [INFO] POLL: 0 paid orders (since=2026-09-02T02:54:39.149Z)
2026-09-02T02:56:39.176Z [INFO] POLL: 0 paid orders (since=2026-09-02T02:55:39.165Z)
2026-09-02T02:57:39.227Z [INFO] POLL: 0 paid orders (since=2026-09-02T02:56:39.176Z)
2026-09-02T02:58:39.272Z [INFO] POLL: 0 paid orders (since=2026-09-02T02:57:39.227Z)
2026-09-02T02:59:39.332Z [INFO] POLL: 0 paid orders (since=2026-09-02T02:58:39.272Z)
2026-09-02T03:00:39.333Z [INFO] POLL: 0 paid orders (since=2026-09-02T02:59:39.332Z)
2026-09-02T03:01:39.356Z [INFO] POLL: 0 paid orders (since=2026-09-02T03:00:39.333Z)
2026-09-02T03:02:39.381Z [INFO] POLL: 0 paid orders (since=2026-09-02T03:01:39.356Z)
2026-09-02T03:03:39.407Z [INFO] POLL: 0 paid orders (since=2026-09-02T03:02:39.382Z)
2026-09-02T03:04:39.466Z [INFO] POLL: 0 paid orders (since=2026-09-02T03:03:39.407Z)
2026-09-02T03:05:39.467Z [INFO] POLL: 0 paid orders (since=2026-09-02T03:04:39.467Z)
2026-09-02T03:06:39.477Z [INFO] POLL: 0 paid orders (since=2026-09-02T03:05:39.468Z)
2026-09-02T03:07:39.504Z [INFO] POLL: 0 paid orders (since=2026-09-02T03:06:39.477Z)
2026-09-02T03:08:39.579Z [INFO] POLL: 0 paid orders (since=2026-09-02T03:07:39.504Z)
2026-09-02T03:09:39.631Z [INFO] POLL: 0 paid orders (since=2026-09-02T03:08:39.579Z)
2026-09-02T03:10:39.615Z [INFO] POLL: 0 paid orders (since=2026-09-02T03:09:39.631Z)
2026-09-02T03:11:39.655Z [INFO] POLL: 0 paid orders (since=2026-09-02T03:10:39.615Z)
2026-09-02T03:12:39.693Z [INFO] POLL: 0 paid orders (since=2026-09-02T03:11:39.655Z)
2026-09-02T03:13:39.722Z [INFO] POLL: 0 paid orders (since=2026-09-02T03:12:39.694Z)
2026-09-02T03:14:39.809Z [INFO] POLL: 0 paid orders (since=2026-09-02T03:13:39.722Z)
2026-09-02T03:15:39.789Z [INFO] POLL: 0 paid orders (since=2026-09-02T03:14:39.809Z)
2026-09-02T03:16:39.864Z [INFO] POLL: 0 paid orders (since=2026-09-02T03:15:39.789Z)
2026-09-02T03:17:39.888Z [INFO] POLL: 0 paid orders (since=2026-09-02T03:16:39.865Z)
2026-09-02T03:18:39.937Z [INFO] POLL: 0 paid orders (since=2026-09-02T03:17:39.888Z)
2026-09-02T03:19:40.031Z [INFO] POLL: 0 paid orders (since=2026-09-02T03:18:39.937Z)
2026-09-02T03:20:40.003Z [INFO] POLL: 0 paid orders (since=2026-09-02T03:19:40.031Z)
2026-09-02T03:21:40.070Z [INFO] POLL: 0 paid orders (since=2026-09-02T03:20:40.003Z)
2026-09-02T03:22:40.119Z [INFO] POLL: 0 paid orders (since=2026-09-02T03:21:40.071Z)
2026-09-02T03:23:40.160Z [INFO] POLL: 0 paid orders (since=2026-09-02T03:22:40.119Z)
2026-09-02T03:24:40.227Z [INFO] POLL: 0 paid orders (since=2026-09-02T03:23:40.160Z)
2026-09-02T03:25:40.224Z [INFO] POLL: 0 paid orders (since=2026-09-02T03:24:40.227Z)
2026-09-02T03:26:40.233Z [INFO] POLL: 0 paid orders (since=2026-09-02T03:25:40.224Z)
2026-09-02T03:27:40.311Z [INFO] POLL: 0 paid orders (since=2026-09-02T03:26:40.233Z)
2026-09-02T03:28:40.393Z [INFO] POLL: 0 paid orders (since=2026-09-02T03:27:40.311Z)
2026-09-02T03:29:40.495Z [INFO] POLL: 0 paid orders (since=2026-09-02T03:28:40.393Z)
2026-09-02T03:30:40.481Z [INFO] POLL: 0 paid orders (since=2026-09-02T03:29:40.495Z)
2026-09-02T03:31:40.513Z [INFO] POLL: 0 paid orders (since=2026-09-02T03:30:40.482Z)
2026-09-02T03:32:40.548Z [INFO] POLL: 0 paid orders (since=2026-09-02T03:31:40.513Z)
2026-09-02T03:33:41.188Z [INFO] POLL: 0 paid orders (since=2026-09-02T03:32:40.548Z)
2026-09-02T03:34:40.670Z [INFO] POLL: 0 paid orders (since=2026-09-02T03:33:41.188Z)
2026-09-02T03:35:40.669Z [INFO] POLL: 0 paid orders (since=2026-09-02T03:34:40.670Z)
2026-09-02T03:36:40.713Z [INFO] POLL: 0 paid orders (since=2026-09-02T03:35:40.669Z)
2026-09-02T03:37:40.766Z [INFO] POLL: 0 paid orders (since=2026-09-02T03:36:40.714Z)
2026-09-02T03:38:40.808Z [INFO] POLL: 0 paid orders (since=2026-09-02T03:37:40.766Z)
2026-09-02T03:39:40.892Z [INFO] POLL: 0 paid orders (since=2026-09-02T03:38:40.809Z)
2026-09-02T03:40:40.876Z [INFO] POLL: 0 paid orders (since=2026-09-02T03:39:40.892Z)
2026-09-02T03:41:40.910Z [INFO] POLL: 0 paid orders (since=2026-09-02T03:40:40.877Z)
2026-09-02T03:42:40.963Z [INFO] POLL: 0 paid orders (since=2026-09-02T03:41:40.910Z)
2026-09-02T03:43:41.036Z [INFO] POLL: 0 paid orders (since=2026-09-02T03:42:40.963Z)
2026-09-02T03:44:41.080Z [INFO] POLL: 0 paid orders (since=2026-09-02T03:43:41.036Z)
2026-09-02T03:45:41.078Z [INFO] POLL: 0 paid orders (since=2026-09-02T03:44:41.080Z)
2026-09-02T03:46:41.140Z [INFO] POLL: 0 paid orders (since=2026-09-02T03:45:41.078Z)
2026-09-02T03:47:41.148Z [INFO] POLL: 0 paid orders (since=2026-09-02T03:46:41.140Z)
2026-09-02T03:48:41.202Z [INFO] POLL: 0 paid orders (since=2026-09-02T03:47:41.149Z)
2026-09-02T03:49:41.292Z [INFO] POLL: 0 paid orders (since=2026-09-02T03:48:41.203Z)
2026-09-02T03:50:41.239Z [INFO] POLL: 0 paid orders (since=2026-09-02T03:49:41.292Z)
2026-09-02T03:51:41.307Z [INFO] POLL: 0 paid orders (since=2026-09-02T03:50:41.239Z)
2026-09-02T03:52:41.356Z [INFO] POLL: 0 paid orders (since=2026-09-02T03:51:41.308Z)
2026-09-02T03:53:41.396Z [INFO] POLL: 0 paid orders (since=2026-09-02T03:52:41.356Z)
2026-09-02T03:54:41.483Z [INFO] POLL: 0 paid orders (since=2026-09-02T03:53:41.397Z)
2026-09-02T03:55:41.444Z [INFO] POLL: 0 paid orders (since=2026-09-02T03:54:41.483Z)
2026-09-02T03:56:41.509Z [INFO] POLL: 0 paid orders (since=2026-09-02T03:55:41.444Z)
2026-09-02T03:57:41.562Z [INFO] POLL: 0 paid orders (since=2026-09-02T03:56:41.510Z)
2026-09-02T03:58:41.595Z [INFO] POLL: 0 paid orders (since=2026-09-02T03:57:41.562Z)
2026-09-02T03:59:41.656Z [INFO] POLL: 0 paid orders (since=2026-09-02T03:58:41.595Z)
2026-09-02T04:00:41.684Z [INFO] POLL: 0 paid orders (since=2026-09-02T03:59:41.656Z)
2026-09-02T04:01:41.706Z [INFO] POLL: 0 paid orders (since=2026-09-02T04:00:41.685Z)
2026-09-02T04:02:41.763Z [INFO] POLL: 0 paid orders (since=2026-09-02T04:01:41.707Z)
2026-09-02T04:03:41.771Z [INFO] POLL: 0 paid orders (since=2026-09-02T04:02:41.763Z)
2026-09-02T04:04:41.799Z [INFO] POLL: 0 paid orders (since=2026-09-02T04:03:41.771Z)
2026-09-02T04:05:41.804Z [INFO] POLL: 0 paid orders (since=2026-09-02T04:04:41.799Z)
2026-09-02T04:06:41.821Z [INFO] POLL: 0 paid orders (since=2026-09-02T04:05:41.805Z)
2026-09-02T04:07:41.849Z [INFO] POLL: 0 paid orders (since=2026-09-02T04:06:41.821Z)
2026-09-02T04:08:41.922Z [INFO] POLL: 0 paid orders (since=2026-09-02T04:07:41.849Z)
2026-09-02T04:09:41.976Z [INFO] POLL: 0 paid orders (since=2026-09-02T04:08:41.922Z)
2026-09-02T04:10:41.958Z [INFO] POLL: 0 paid orders (since=2026-09-02T04:09:41.976Z)
2026-09-02T04:11:41.967Z [INFO] POLL: 0 paid orders (since=2026-09-02T04:10:41.958Z)
2026-09-02T04:12:42.009Z [INFO] POLL: 0 paid orders (since=2026-09-02T04:11:41.967Z)
2026-09-02T04:13:42.075Z [INFO] POLL: 0 paid orders (since=2026-09-02T04:12:42.009Z)
2026-09-02T04:14:42.126Z [INFO] POLL: 0 paid orders (since=2026-09-02T04:13:42.075Z)
2026-09-02T04:15:42.138Z [INFO] POLL: 0 paid orders (since=2026-09-02T04:14:42.126Z)
2026-09-02T04:16:42.169Z [INFO] POLL: 0 paid orders (since=2026-09-02T04:15:42.138Z)
2026-09-02T04:17:42.203Z [INFO] POLL: 0 paid orders (since=2026-09-02T04:16:42.169Z)
2026-09-02T04:18:42.264Z [INFO] POLL: 0 paid orders (since=2026-09-02T04:17:42.203Z)
2026-09-02T04:19:42.351Z [INFO] POLL: 0 paid orders (since=2026-09-02T04:18:42.264Z)
2026-09-02T04:20:42.304Z [INFO] POLL: 0 paid orders (since=2026-09-02T04:19:42.351Z)
2026-09-02T04:21:42.370Z [INFO] POLL: 0 paid orders (since=2026-09-02T04:20:42.304Z)
2026-09-02T04:22:42.398Z [INFO] POLL: 0 paid orders (since=2026-09-02T04:21:42.370Z)
2026-09-02T04:23:42.452Z [INFO] POLL: 0 paid orders (since=2026-09-02T04:22:42.398Z)
2026-09-02T04:24:42.522Z [INFO] POLL: 0 paid orders (since=2026-09-02T04:23:42.452Z)
2026-09-02T04:25:42.510Z [INFO] POLL: 0 paid orders (since=2026-09-02T04:24:42.522Z)
2026-09-02T04:26:42.540Z [INFO] POLL: 0 paid orders (since=2026-09-02T04:25:42.510Z)
2026-09-02T04:27:42.581Z [INFO] POLL: 0 paid orders (since=2026-09-02T04:26:42.540Z)
2026-09-02T04:28:42.638Z [INFO] POLL: 0 paid orders (since=2026-09-02T04:27:42.581Z)
2026-09-02T04:29:42.712Z [INFO] POLL: 0 paid orders (since=2026-09-02T04:28:42.638Z)
2026-09-02T04:30:42.690Z [INFO] POLL: 0 paid orders (since=2026-09-02T04:29:42.712Z)
2026-09-02T04:31:42.738Z [INFO] POLL: 0 paid orders (since=2026-09-02T04:30:42.690Z)
2026-09-02T04:32:42.797Z [INFO] POLL: 0 paid orders (since=2026-09-02T04:31:42.738Z)
2026-09-02T04:33:42.856Z [INFO] POLL: 0 paid orders (since=2026-09-02T04:32:42.797Z)
2026-09-02T04:34:42.909Z [INFO] POLL: 0 paid orders (since=2026-09-02T04:33:42.856Z)
2026-09-02T04:35:42.895Z [INFO] POLL: 0 paid orders (since=2026-09-02T04:34:42.910Z)
2026-09-02T04:36:42.936Z [INFO] POLL: 0 paid orders (since=2026-09-02T04:35:42.895Z)
2026-09-02T04:37:42.994Z [INFO] POLL: 0 paid orders (since=2026-09-02T04:36:42.936Z)
2026-09-02T04:38:43.042Z [INFO] POLL: 0 paid orders (since=2026-09-02T04:37:42.994Z)
2026-09-02T04:39:43.122Z [INFO] POLL: 0 paid orders (since=2026-09-02T04:38:43.042Z)
2026-09-02T04:40:43.130Z [INFO] POLL: 0 paid orders (since=2026-09-02T04:39:43.122Z)
2026-09-02T04:41:43.157Z [INFO] POLL: 0 paid orders (since=2026-09-02T04:40:43.130Z)
2026-09-02T04:42:43.207Z [INFO] POLL: 0 paid orders (since=2026-09-02T04:41:43.157Z)
2026-09-02T04:43:43.273Z [INFO] POLL: 0 paid orders (since=2026-09-02T04:42:43.207Z)
2026-09-02T04:44:43.316Z [INFO] POLL: 0 paid orders (since=2026-09-02T04:43:43.274Z)
2026-09-02T04:45:43.308Z [INFO] POLL: 0 paid orders (since=2026-09-02T04:44:43.316Z)
2026-09-02T04:46:43.366Z [INFO] POLL: 0 paid orders (since=2026-09-02T04:45:43.308Z)
2026-09-02T04:47:43.402Z [INFO] POLL: 0 paid orders (since=2026-09-02T04:46:43.366Z)
2026-09-02T04:48:43.454Z [INFO] POLL: 0 paid orders (since=2026-09-02T04:47:43.402Z)
2026-09-02T04:49:43.541Z [INFO] POLL: 0 paid orders (since=2026-09-02T04:48:43.455Z)
2026-09-02T04:50:43.513Z [INFO] POLL: 0 paid orders (since=2026-09-02T04:49:43.541Z)
2026-09-02T04:51:43.559Z [INFO] POLL: 0 paid orders (since=2026-09-02T04:50:43.513Z)
2026-09-02T04:52:43.603Z [INFO] POLL: 0 paid orders (since=2026-09-02T04:51:43.560Z)
2026-09-02T04:53:43.665Z [INFO] POLL: 0 paid orders (since=2026-09-02T04:52:43.603Z)
2026-09-02T04:54:43.711Z [INFO] POLL: 0 paid orders (since=2026-09-02T04:53:43.665Z)
2026-09-02T14:02:52.684Z [INFO] DRY-RUN: pokażę plan działań, zero transakcji (flaga dry_run w config.json / --dry-run).
2026-09-02T14:02:52.957Z [INFO] Gas treasury: 0.1978 ETH
2026-09-02T14:02:52.957Z [INFO] 🚀 Cosmic Lands Orchestrator v1 start (puste wallet_address → Cosmic Bank 0xb66AF…055A, mail=kalosorama@gmail.com, dry_run=true)
2026-09-02T14:02:53.350Z [INFO] OAuth OK (TTL 86399 s)
2026-09-02T14:02:53.471Z [INFO] POLL: 0 paid orders (since=2026-09-02T04:54:43.711Z)
2026-09-02T14:03:12.419Z [INFO] Gas treasury: 0.1978 ETH
2026-09-02T14:03:12.420Z [INFO] 🚀 Cosmic Lands Orchestrator v1 start (puste wallet_address → Cosmic Bank 0xb66AF…055A, mail=kalosorama@gmail.com, dry_run=false)
2026-09-02T14:03:12.737Z [INFO] OAuth OK (TTL 86399 s)
2026-09-02T14:03:12.839Z [INFO] POLL: 0 paid orders (since=2026-09-02T14:02:53.471Z)
2026-09-02T14:04:12.967Z [INFO] POLL: 0 paid orders (since=2026-09-02T14:03:12.840Z)
2026-09-02T14:05:12.957Z [INFO] POLL: 0 paid orders (since=2026-09-02T14:04:12.967Z)
2026-09-02T14:06:12.967Z [INFO] POLL: 0 paid orders (since=2026-09-02T14:05:12.957Z)
2026-09-02T14:07:12.970Z [INFO] POLL: 0 paid orders (since=2026-09-02T14:06:12.967Z)
2026-09-02T14:08:12.959Z [INFO] POLL: 0 paid orders (since=2026-09-02T14:07:12.970Z)
2026-09-02T14:09:12.967Z [INFO] POLL: 0 paid orders (since=2026-09-02T14:08:12.960Z)
2026-09-02T14:10:12.995Z [INFO] POLL: 0 paid orders (since=2026-09-02T14:09:12.967Z)
2026-09-02T14:11:13.001Z [INFO] POLL: 0 paid orders (since=2026-09-02T14:10:12.995Z)
2026-09-02T14:12:13.016Z [INFO] POLL: 0 paid orders (since=2026-09-02T14:11:13.002Z)
2026-09-02T14:13:12.967Z [INFO] POLL: 0 paid orders (since=2026-09-02T14:12:13.017Z)
2026-09-02T14:14:12.999Z [INFO] POLL: 0 paid orders (since=2026-09-02T14:13:12.967Z)
2026-09-02T14:15:12.988Z [INFO] POLL: 0 paid orders (since=2026-09-02T14:14:13.000Z)
2026-09-02T14:16:13.007Z [INFO] POLL: 0 paid orders (since=2026-09-02T14:15:12.988Z)
2026-09-02T14:17:13.002Z [INFO] POLL: 0 paid orders (since=2026-09-02T14:16:13.007Z)
2026-09-02T14:18:12.991Z [INFO] POLL: 0 paid orders (since=2026-09-02T14:17:13.002Z)
2026-09-02T14:19:12.999Z [INFO] POLL: 0 paid orders (since=2026-09-02T14:18:12.991Z)
2026-09-02T14:20:13.044Z [INFO] POLL: 0 paid orders (since=2026-09-02T14:19:12.999Z)
2026-09-02T14:21:13.041Z [INFO] POLL: 0 paid orders (since=2026-09-02T14:20:13.044Z)
2026-09-02T14:22:13.019Z [INFO] POLL: 0 paid orders (since=2026-09-02T14:21:13.041Z)
2026-09-02T14:23:13.009Z [INFO] POLL: 0 paid orders (since=2026-09-02T14:22:13.019Z)
2026-09-02T14:24:13.018Z [INFO] POLL: 0 paid orders (since=2026-09-02T14:23:13.009Z)
2026-09-02T14:25:13.023Z [INFO] POLL: 0 paid orders (since=2026-09-02T14:24:13.019Z)
2026-09-02T14:26:13.020Z [INFO] POLL: 0 paid orders (since=2026-09-02T14:25:13.023Z)
2026-09-02T14:27:13.018Z [INFO] POLL: 0 paid orders (since=2026-09-02T14:26:13.021Z)
2026-09-02T14:28:13.022Z [INFO] POLL: 0 paid orders (since=2026-09-02T14:27:13.019Z)
2026-09-02T14:29:13.029Z [INFO] POLL: 0 paid orders (since=2026-09-02T14:28:13.023Z)
2026-09-02T14:30:13.062Z [INFO] POLL: 0 paid orders (since=2026-09-02T14:29:13.030Z)
2026-09-02T14:31:13.056Z [INFO] POLL: 0 paid orders (since=2026-09-02T14:30:13.063Z)
2026-09-02T14:32:13.050Z [INFO] POLL: 0 paid orders (since=2026-09-02T14:31:13.056Z)
2026-09-02T14:33:13.045Z [INFO] POLL: 0 paid orders (since=2026-09-02T14:32:13.051Z)
2026-09-02T14:34:13.047Z [INFO] POLL: 0 paid orders (since=2026-09-02T14:33:13.046Z)
2026-09-02T14:35:13.048Z [INFO] POLL: 0 paid orders (since=2026-09-02T14:34:13.047Z)
2026-09-02T14:36:13.072Z [INFO] POLL: 0 paid orders (since=2026-09-02T14:35:13.049Z)
2026-09-02T14:37:13.051Z [INFO] POLL: 0 paid orders (since=2026-09-02T14:36:13.072Z)
2026-09-02T14:38:13.057Z [INFO] POLL: 0 paid orders (since=2026-09-02T14:37:13.051Z)
2026-09-02T14:39:13.055Z [INFO] POLL: 0 paid orders (since=2026-09-02T14:38:13.058Z)
2026-09-02T14:40:13.120Z [INFO] POLL: 0 paid orders (since=2026-09-02T14:39:13.055Z)
2026-09-02T14:41:13.082Z [INFO] POLL: 0 paid orders (since=2026-09-02T14:40:13.120Z)
2026-09-02T14:42:13.068Z [INFO] POLL: 0 paid orders (since=2026-09-02T14:41:13.082Z)
2026-09-02T14:43:13.074Z [INFO] POLL: 0 paid orders (since=2026-09-02T14:42:13.068Z)
2026-09-02T14:44:13.081Z [INFO] POLL: 0 paid orders (since=2026-09-02T14:43:13.074Z)
2026-09-02T14:45:13.120Z [INFO] POLL: 0 paid orders (since=2026-09-02T14:44:13.081Z)
2026-09-02T14:46:13.124Z [INFO] POLL: 0 paid orders (since=2026-09-02T14:45:13.121Z)
2026-09-02T14:47:13.082Z [INFO] POLL: 0 paid orders (since=2026-09-02T14:46:13.124Z)
2026-09-02T14:48:13.094Z [INFO] POLL: 0 paid orders (since=2026-09-02T14:47:13.082Z)
2026-09-02T14:49:13.098Z [INFO] POLL: 0 paid orders (since=2026-09-02T14:48:13.096Z)
2026-09-02T14:50:13.165Z [INFO] POLL: 0 paid orders (since=2026-09-02T14:49:13.098Z)
2026-09-02T14:51:13.105Z [INFO] POLL: 0 paid orders (since=2026-09-02T14:50:13.165Z)
2026-09-02T14:52:13.106Z [INFO] POLL: 0 paid orders (since=2026-09-02T14:51:13.106Z)
2026-09-02T14:53:13.126Z [INFO] POLL: 0 paid orders (since=2026-09-02T14:52:13.107Z)
2026-09-02T14:54:13.116Z [INFO] POLL: 0 paid orders (since=2026-09-02T14:53:13.126Z)
2026-09-02T14:55:13.117Z [INFO] POLL: 0 paid orders (since=2026-09-02T14:54:13.116Z)
2026-09-02T14:56:13.161Z [INFO] POLL: 0 paid orders (since=2026-09-02T14:55:13.117Z)
2026-09-02T14:57:13.154Z [INFO] POLL: 0 paid orders (since=2026-09-02T14:56:13.161Z)
2026-09-02T14:58:13.149Z [INFO] POLL: 0 paid orders (since=2026-09-02T14:57:13.155Z)
2026-09-02T14:59:13.147Z [INFO] POLL: 0 paid orders (since=2026-09-02T14:58:13.149Z)
2026-09-02T15:00:13.188Z [INFO] POLL: 0 paid orders (since=2026-09-02T14:59:13.147Z)
2026-09-02T15:01:13.163Z [INFO] POLL: 0 paid orders (since=2026-09-02T15:00:13.188Z)
2026-09-02T15:02:13.161Z [INFO] POLL: 0 paid orders (since=2026-09-02T15:01:13.163Z)
2026-09-02T15:03:13.149Z [INFO] POLL: 0 paid orders (since=2026-09-02T15:02:13.161Z)
2026-09-02T15:04:13.157Z [INFO] POLL: 0 paid orders (since=2026-09-02T15:03:13.150Z)
2026-09-02T15:05:13.175Z [INFO] POLL: 0 paid orders (since=2026-09-02T15:04:13.157Z)
2026-09-02T15:06:13.167Z [INFO] POLL: 0 paid orders (since=2026-09-02T15:05:13.175Z)
2026-09-02T15:07:13.533Z [INFO] POLL: 0 paid orders (since=2026-09-02T15:06:13.168Z)
2026-09-02T15:08:13.160Z [INFO] POLL: 0 paid orders (since=2026-09-02T15:07:13.533Z)
2026-09-02T15:09:13.214Z [INFO] POLL: 0 paid orders (since=2026-09-02T15:08:13.160Z)
2026-09-02T15:10:13.226Z [INFO] POLL: 0 paid orders (since=2026-09-02T15:09:13.214Z)
2026-09-02T15:11:13.194Z [INFO] POLL: 0 paid orders (since=2026-09-02T15:10:13.226Z)
2026-09-02T15:12:13.177Z [INFO] POLL: 0 paid orders (since=2026-09-02T15:11:13.194Z)
2026-09-02T15:13:13.168Z [INFO] POLL: 0 paid orders (since=2026-09-02T15:12:13.177Z)
2026-09-02T15:14:13.200Z [INFO] POLL: 0 paid orders (since=2026-09-02T15:13:13.168Z)
2026-09-02T15:15:13.212Z [INFO] POLL: 0 paid orders (since=2026-09-02T15:14:13.200Z)
2026-09-02T15:16:13.208Z [INFO] POLL: 0 paid orders (since=2026-09-02T15:15:13.212Z)
2026-09-02T15:17:13.196Z [INFO] POLL: 0 paid orders (since=2026-09-02T15:16:13.208Z)
2026-09-02T15:18:13.235Z [INFO] POLL: 0 paid orders (since=2026-09-02T15:17:13.196Z)
2026-09-02T15:19:13.212Z [INFO] POLL: 0 paid orders (since=2026-09-02T15:18:13.235Z)
2026-09-02T15:20:13.252Z [INFO] POLL: 0 paid orders (since=2026-09-02T15:19:13.212Z)
2026-09-02T15:21:13.240Z [INFO] POLL: 0 paid orders (since=2026-09-02T15:20:13.252Z)
2026-09-02T15:22:13.232Z [INFO] POLL: 0 paid orders (since=2026-09-02T15:21:13.240Z)
2026-09-02T15:23:13.219Z [INFO] POLL: 0 paid orders (since=2026-09-02T15:22:13.232Z)
2026-09-02T15:24:13.227Z [INFO] POLL: 0 paid orders (since=2026-09-02T15:23:13.220Z)
2026-09-02T15:25:13.242Z [INFO] POLL: 0 paid orders (since=2026-09-02T15:24:13.227Z)
2026-09-02T15:26:13.272Z [INFO] POLL: 0 paid orders (since=2026-09-02T15:25:13.242Z)
2026-09-02T15:27:13.262Z [INFO] POLL: 0 paid orders (since=2026-09-02T15:26:13.272Z)
2026-09-02T15:28:13.254Z [INFO] POLL: 0 paid orders (since=2026-09-02T15:27:13.264Z)
2026-09-02T15:29:13.243Z [INFO] POLL: 0 paid orders (since=2026-09-02T15:28:13.255Z)
2026-09-02T15:30:13.324Z [INFO] POLL: 0 paid orders (since=2026-09-02T15:29:13.243Z)
2026-09-02T15:31:13.340Z [INFO] POLL: 0 paid orders (since=2026-09-02T15:30:13.324Z)
2026-09-02T15:32:13.377Z [INFO] POLL: 0 paid orders (since=2026-09-02T15:31:13.340Z)
2026-09-02T15:33:13.378Z [INFO] POLL: 0 paid orders (since=2026-09-02T15:32:13.377Z)
2026-09-02T15:34:13.368Z [INFO] POLL: 0 paid orders (since=2026-09-02T15:33:13.378Z)
2026-09-02T15:35:13.409Z [INFO] POLL: 0 paid orders (since=2026-09-02T15:34:13.368Z)
2026-09-02T15:36:13.485Z [INFO] POLL: 0 paid orders (since=2026-09-02T15:35:13.410Z)
2026-09-02T15:37:13.517Z [INFO] POLL: 0 paid orders (since=2026-09-02T15:36:13.486Z)
2026-09-02T15:38:13.524Z [INFO] POLL: 0 paid orders (since=2026-09-02T15:37:13.517Z)
2026-09-02T15:39:13.559Z [INFO] POLL: 0 paid orders (since=2026-09-02T15:38:13.524Z)
2026-09-02T15:40:13.649Z [INFO] POLL: 0 paid orders (since=2026-09-02T15:39:13.559Z)
2026-09-02T15:41:13.675Z [INFO] POLL: 0 paid orders (since=2026-09-02T15:40:13.649Z)
2026-09-02T15:42:13.685Z [INFO] POLL: 0 paid orders (since=2026-09-02T15:41:13.675Z)
2026-09-02T15:43:13.688Z [INFO] POLL: 0 paid orders (since=2026-09-02T15:42:13.685Z)
2026-09-02T15:44:13.747Z [INFO] POLL: 0 paid orders (since=2026-09-02T15:43:13.688Z)
2026-09-02T15:45:13.797Z [INFO] POLL: 0 paid orders (since=2026-09-02T15:44:13.747Z)
2026-09-02T15:46:13.836Z [INFO] POLL: 0 paid orders (since=2026-09-02T15:45:13.797Z)
2026-09-02T15:47:13.865Z [INFO] POLL: 0 paid orders (since=2026-09-02T15:46:13.837Z)
2026-09-02T15:48:13.860Z [INFO] POLL: 0 paid orders (since=2026-09-02T15:47:13.865Z)
2026-09-02T15:49:13.899Z [INFO] POLL: 0 paid orders (since=2026-09-02T15:48:13.860Z)
2026-09-02T15:50:13.981Z [INFO] POLL: 0 paid orders (since=2026-09-02T15:49:13.899Z)
2026-09-02T15:51:14.019Z [INFO] POLL: 0 paid orders (since=2026-09-02T15:50:13.981Z)
2026-09-02T15:52:14.080Z [INFO] POLL: 0 paid orders (since=2026-09-02T15:51:14.019Z)
2026-09-02T15:53:14.056Z [INFO] POLL: 0 paid orders (since=2026-09-02T15:52:14.081Z)
2026-09-02T15:54:14.083Z [INFO] POLL: 0 paid orders (since=2026-09-02T15:53:14.056Z)
2026-09-02T15:55:14.131Z [INFO] POLL: 0 paid orders (since=2026-09-02T15:54:14.083Z)
2026-09-02T15:56:14.194Z [INFO] POLL: 0 paid orders (since=2026-09-02T15:55:14.131Z)
2026-09-02T15:57:14.256Z [INFO] POLL: 0 paid orders (since=2026-09-02T15:56:14.194Z)
2026-09-02T15:58:14.234Z [INFO] POLL: 0 paid orders (since=2026-09-02T15:57:14.257Z)
2026-09-02T15:59:14.283Z [INFO] POLL: 0 paid orders (since=2026-09-02T15:58:14.235Z)
2026-09-02T16:00:14.373Z [INFO] POLL: 0 paid orders (since=2026-09-02T15:59:14.283Z)
2026-09-02T16:01:14.417Z [INFO] POLL: 0 paid orders (since=2026-09-02T16:00:14.373Z)
2026-09-02T16:02:14.459Z [INFO] POLL: 0 paid orders (since=2026-09-02T16:01:14.418Z)
2026-09-02T16:03:14.478Z [INFO] POLL: 0 paid orders (since=2026-09-02T16:02:14.459Z)
2026-09-02T16:04:14.513Z [INFO] POLL: 0 paid orders (since=2026-09-02T16:03:14.478Z)
2026-09-02T16:05:14.590Z [INFO] POLL: 0 paid orders (since=2026-09-02T16:04:14.513Z)
2026-09-02T16:06:14.636Z [INFO] POLL: 0 paid orders (since=2026-09-02T16:05:14.591Z)
2026-09-02T16:07:14.677Z [INFO] POLL: 0 paid orders (since=2026-09-02T16:06:14.636Z)
2026-09-02T16:08:14.683Z [INFO] POLL: 0 paid orders (since=2026-09-02T16:07:14.677Z)
2026-09-02T16:09:14.713Z [INFO] POLL: 0 paid orders (since=2026-09-02T16:08:14.684Z)
2026-09-02T16:10:14.808Z [INFO] POLL: 0 paid orders (since=2026-09-02T16:09:14.713Z)
2026-09-02T16:11:14.856Z [INFO] POLL: 0 paid orders (since=2026-09-02T16:10:14.808Z)
2026-09-02T16:12:14.845Z [INFO] POLL: 0 paid orders (since=2026-09-02T16:11:14.856Z)
2026-09-02T16:13:14.847Z [INFO] POLL: 0 paid orders (since=2026-09-02T16:12:14.846Z)
2026-09-02T16:14:14.902Z [INFO] POLL: 0 paid orders (since=2026-09-02T16:13:14.847Z)
2026-09-02T16:15:14.976Z [INFO] POLL: 0 paid orders (since=2026-09-02T16:14:14.902Z)
2026-09-02T16:16:15.015Z [INFO] POLL: 0 paid orders (since=2026-09-02T16:15:14.976Z)
2026-09-02T16:17:15.030Z [INFO] POLL: 0 paid orders (since=2026-09-02T16:16:15.015Z)
2026-09-02T16:18:15.052Z [INFO] POLL: 0 paid orders (since=2026-09-02T16:17:15.031Z)
2026-09-02T16:19:15.057Z [INFO] POLL: 0 paid orders (since=2026-09-02T16:18:15.053Z)
2026-09-02T16:20:15.161Z [INFO] POLL: 0 paid orders (since=2026-09-02T16:19:15.058Z)
2026-09-02T16:21:15.205Z [INFO] POLL: 0 paid orders (since=2026-09-02T16:20:15.161Z)
2026-09-02T16:22:15.240Z [INFO] POLL: 0 paid orders (since=2026-09-02T16:21:15.205Z)
2026-09-02T16:23:15.230Z [INFO] POLL: 0 paid orders (since=2026-09-02T16:22:15.240Z)
2026-09-02T16:24:15.277Z [INFO] POLL: 0 paid orders (since=2026-09-02T16:23:15.230Z)
2026-09-02T16:25:15.342Z [INFO] POLL: 0 paid orders (since=2026-09-02T16:24:15.278Z)
2026-09-02T16:26:15.388Z [INFO] POLL: 0 paid orders (since=2026-09-02T16:25:15.342Z)
2026-09-02T16:27:15.432Z [INFO] POLL: 0 paid orders (since=2026-09-02T16:26:15.388Z)
2026-09-02T16:28:15.429Z [INFO] POLL: 0 paid orders (since=2026-09-02T16:27:15.432Z)
2026-09-02T16:29:15.448Z [INFO] POLL: 0 paid orders (since=2026-09-02T16:28:15.429Z)
2026-09-02T16:30:15.526Z [INFO] POLL: 0 paid orders (since=2026-09-02T16:29:15.449Z)
2026-09-02T16:31:15.560Z [INFO] POLL: 0 paid orders (since=2026-09-02T16:30:15.526Z)
2026-09-02T16:32:15.605Z [INFO] POLL: 0 paid orders (since=2026-09-02T16:31:15.561Z)
2026-09-02T16:33:15.619Z [INFO] POLL: 0 paid orders (since=2026-09-02T16:32:15.606Z)
2026-09-02T16:34:15.676Z [INFO] POLL: 0 paid orders (since=2026-09-02T16:33:15.619Z)
2026-09-02T16:35:15.720Z [INFO] POLL: 0 paid orders (since=2026-09-02T16:34:15.676Z)
2026-09-02T16:36:15.766Z [INFO] POLL: 0 paid orders (since=2026-09-02T16:35:15.720Z)
2026-09-02T16:37:15.812Z [INFO] POLL: 0 paid orders (since=2026-09-02T16:36:15.766Z)
2026-09-02T16:38:15.810Z [INFO] POLL: 0 paid orders (since=2026-09-02T16:37:15.812Z)
2026-09-02T16:39:15.876Z [INFO] POLL: 0 paid orders (since=2026-09-02T16:38:15.810Z)
2026-09-02T16:40:15.934Z [INFO] POLL: 0 paid orders (since=2026-09-02T16:39:15.876Z)
2026-09-02T16:41:15.941Z [INFO] POLL: 0 paid orders (since=2026-09-02T16:40:15.934Z)
2026-09-02T16:42:15.974Z [INFO] POLL: 0 paid orders (since=2026-09-02T16:41:15.941Z)
2026-09-02T16:43:15.986Z [INFO] POLL: 0 paid orders (since=2026-09-02T16:42:15.974Z)
2026-09-02T16:44:16.021Z [INFO] POLL: 0 paid orders (since=2026-09-02T16:43:15.986Z)
2026-09-02T16:45:16.068Z [INFO] POLL: 0 paid orders (since=2026-09-02T16:44:16.023Z)
2026-09-02T16:46:16.127Z [INFO] POLL: 0 paid orders (since=2026-09-02T16:45:16.069Z)
2026-09-02T16:47:16.135Z [INFO] POLL: 0 paid orders (since=2026-09-02T16:46:16.127Z)
2026-09-02T16:48:16.149Z [INFO] POLL: 0 paid orders (since=2026-09-02T16:47:16.136Z)
2026-09-02T16:49:16.169Z [INFO] POLL: 0 paid orders (since=2026-09-02T16:48:16.149Z)
2026-09-02T16:50:16.260Z [INFO] POLL: 0 paid orders (since=2026-09-02T16:49:16.169Z)
2026-09-02T16:51:16.304Z [INFO] POLL: 0 paid orders (since=2026-09-02T16:50:16.261Z)
2026-09-02T16:52:16.310Z [INFO] POLL: 0 paid orders (since=2026-09-02T16:51:16.304Z)
2026-09-02T16:53:16.310Z [INFO] POLL: 0 paid orders (since=2026-09-02T16:52:16.310Z)
2026-09-02T16:54:16.369Z [INFO] POLL: 0 paid orders (since=2026-09-02T16:53:16.311Z)
2026-09-02T16:55:16.395Z [INFO] POLL: 0 paid orders (since=2026-09-02T16:54:16.369Z)
2026-09-02T16:56:16.427Z [INFO] POLL: 0 paid orders (since=2026-09-02T16:55:16.395Z)
2026-09-02T16:57:16.473Z [INFO] POLL: 0 paid orders (since=2026-09-02T16:56:16.427Z)
2026-09-02T16:58:16.456Z [INFO] POLL: 0 paid orders (since=2026-09-02T16:57:16.473Z)
2026-09-02T16:59:16.514Z [INFO] POLL: 0 paid orders (since=2026-09-02T16:58:16.457Z)
2026-09-02T17:00:16.735Z [INFO] POLL: 0 paid orders (since=2026-09-02T16:59:16.514Z)
2026-09-02T17:01:16.646Z [INFO] POLL: 0 paid orders (since=2026-09-02T17:00:16.736Z)
2026-09-02T17:02:17.085Z [INFO] POLL: 0 paid orders (since=2026-09-02T17:01:16.646Z)
2026-09-02T17:03:16.724Z [INFO] POLL: 0 paid orders (since=2026-09-02T17:02:17.085Z)
2026-09-02T17:04:16.705Z [INFO] POLL: 0 paid orders (since=2026-09-02T17:03:16.724Z)
2026-09-02T17:05:16.795Z [INFO] POLL: 0 paid orders (since=2026-09-02T17:04:16.705Z)
2026-09-02T17:06:16.854Z [INFO] POLL: 0 paid orders (since=2026-09-02T17:05:16.795Z)
2026-09-02T17:07:16.864Z [INFO] POLL: 0 paid orders (since=2026-09-02T17:06:16.854Z)
2026-09-02T17:08:16.884Z [INFO] POLL: 0 paid orders (since=2026-09-02T17:07:16.865Z)
2026-09-02T17:09:16.914Z [INFO] POLL: 0 paid orders (since=2026-09-02T17:08:16.884Z)
2026-09-02T17:10:16.998Z [INFO] POLL: 0 paid orders (since=2026-09-02T17:09:16.914Z)
2026-09-02T17:11:17.059Z [INFO] POLL: 0 paid orders (since=2026-09-02T17:10:16.998Z)
2026-09-02T17:12:17.086Z [INFO] POLL: 0 paid orders (since=2026-09-02T17:11:17.060Z)
2026-09-02T17:13:17.077Z [INFO] POLL: 0 paid orders (since=2026-09-02T17:12:17.086Z)
2026-09-02T17:14:17.129Z [INFO] POLL: 0 paid orders (since=2026-09-02T17:13:17.078Z)
2026-09-02T17:15:17.184Z [INFO] POLL: 0 paid orders (since=2026-09-02T17:14:17.129Z)
2026-09-02T17:16:17.174Z [INFO] POLL: 0 paid orders (since=2026-09-02T17:15:17.185Z)
2026-09-02T17:17:17.216Z [INFO] POLL: 0 paid orders (since=2026-09-02T17:16:17.175Z)
2026-09-02T17:18:17.227Z [INFO] POLL: 0 paid orders (since=2026-09-02T17:17:17.216Z)
2026-09-02T17:19:17.260Z [INFO] POLL: 0 paid orders (since=2026-09-02T17:18:17.227Z)
2026-09-02T17:20:17.338Z [INFO] POLL: 0 paid orders (since=2026-09-02T17:19:17.261Z)
2026-09-02T17:21:17.361Z [INFO] POLL: 0 paid orders (since=2026-09-02T17:20:17.339Z)
2026-09-02T17:22:17.390Z [INFO] POLL: 0 paid orders (since=2026-09-02T17:21:17.361Z)
2026-09-02T17:23:17.384Z [INFO] POLL: 0 paid orders (since=2026-09-02T17:22:17.391Z)
2026-09-02T17:24:17.391Z [INFO] POLL: 0 paid orders (since=2026-09-02T17:23:17.384Z)
2026-09-02T17:25:17.407Z [INFO] POLL: 0 paid orders (since=2026-09-02T17:24:17.391Z)
2026-09-02T17:26:17.475Z [INFO] POLL: 0 paid orders (since=2026-09-02T17:25:17.407Z)
2026-09-02T17:27:17.507Z [INFO] POLL: 0 paid orders (since=2026-09-02T17:26:17.475Z)
2026-09-02T17:28:17.522Z [INFO] POLL: 0 paid orders (since=2026-09-02T17:27:17.507Z)
2026-09-02T17:29:17.564Z [INFO] POLL: 0 paid orders (since=2026-09-02T17:28:17.522Z)
2026-09-02T17:30:17.636Z [INFO] POLL: 0 paid orders (since=2026-09-02T17:29:17.564Z)
2026-09-02T17:31:17.693Z [INFO] POLL: 0 paid orders (since=2026-09-02T17:30:17.637Z)
2026-09-02T17:32:17.720Z [INFO] POLL: 0 paid orders (since=2026-09-02T17:31:17.693Z)
2026-09-02T17:33:17.738Z [INFO] POLL: 0 paid orders (since=2026-09-02T17:32:17.720Z)
2026-09-02T17:34:17.764Z [INFO] POLL: 0 paid orders (since=2026-09-02T17:33:17.738Z)
2026-09-02T17:35:17.812Z [INFO] POLL: 0 paid orders (since=2026-09-02T17:34:17.765Z)
2026-09-02T17:36:17.871Z [INFO] POLL: 0 paid orders (since=2026-09-02T17:35:17.813Z)
2026-09-02T17:37:17.967Z [INFO] POLL: 0 paid orders (since=2026-09-02T17:36:17.871Z)
2026-09-02T17:38:17.931Z [INFO] POLL: 0 paid orders (since=2026-09-02T17:37:17.967Z)
2026-09-02T17:39:17.984Z [INFO] POLL: 0 paid orders (since=2026-09-02T17:38:17.932Z)
2026-09-02T17:40:18.043Z [INFO] POLL: 0 paid orders (since=2026-09-02T17:39:17.984Z)
2026-09-02T17:41:18.068Z [INFO] POLL: 0 paid orders (since=2026-09-02T17:40:18.043Z)
2026-09-02T17:42:18.092Z [INFO] POLL: 0 paid orders (since=2026-09-02T17:41:18.068Z)
2026-09-02T17:43:18.092Z [INFO] POLL: 0 paid orders (since=2026-09-02T17:42:18.092Z)
2026-09-02T17:44:18.113Z [INFO] POLL: 0 paid orders (since=2026-09-02T17:43:18.093Z)
2026-09-02T17:45:18.164Z [INFO] POLL: 0 paid orders (since=2026-09-02T17:44:18.113Z)
2026-09-02T17:46:18.206Z [INFO] POLL: 0 paid orders (since=2026-09-02T17:45:18.164Z)
2026-09-02T17:47:18.227Z [INFO] POLL: 0 paid orders (since=2026-09-02T17:46:18.207Z)
2026-09-02T17:48:18.225Z [INFO] POLL: 0 paid orders (since=2026-09-02T17:47:18.227Z)
2026-09-02T17:49:18.253Z [INFO] POLL: 0 paid orders (since=2026-09-02T17:48:18.226Z)
2026-09-02T17:50:18.335Z [INFO] POLL: 0 paid orders (since=2026-09-02T17:49:18.254Z)
2026-09-02T17:51:18.378Z [INFO] POLL: 0 paid orders (since=2026-09-02T17:50:18.335Z)
2026-09-02T17:52:18.440Z [INFO] POLL: 0 paid orders (since=2026-09-02T17:51:18.378Z)
2026-09-02T17:53:18.466Z [INFO] POLL: 0 paid orders (since=2026-09-02T17:52:18.440Z)
2026-09-02T17:54:18.471Z [INFO] POLL: 0 paid orders (since=2026-09-02T17:53:18.466Z)
2026-09-02T17:55:18.504Z [INFO] POLL: 0 paid orders (since=2026-09-02T17:54:18.471Z)
2026-09-02T17:56:18.618Z [INFO] POLL: 0 paid orders (since=2026-09-02T17:55:18.504Z)
2026-09-02T17:57:18.566Z [INFO] POLL: 0 paid orders (since=2026-09-02T17:56:18.618Z)
2026-09-02T17:58:18.565Z [INFO] POLL: 0 paid orders (since=2026-09-02T17:57:18.570Z)
